Component: ARM Compiler 5.05 update 1 (build 106) Tool: armlink [4d0efa]

==============================================================================

Section Cross References

    startup_stm32f334x8.o(RESET) refers to startup_stm32f334x8.o(STACK) for __initial_sp
    startup_stm32f334x8.o(RESET) refers to startup_stm32f334x8.o(.text) for Reset_Handler
    startup_stm32f334x8.o(RESET) refers to stm32f3xx_it.o(i.NMI_Handler) for NMI_Handler
    startup_stm32f334x8.o(RESET) refers to stm32f3xx_it.o(i.HardFault_Handler) for HardFault_Handler
    startup_stm32f334x8.o(RESET) refers to stm32f3xx_it.o(i.MemManage_Handler) for MemManage_Handler
    startup_stm32f334x8.o(RESET) refers to stm32f3xx_it.o(i.BusFault_Handler) for BusFault_Handler
    startup_stm32f334x8.o(RESET) refers to stm32f3xx_it.o(i.UsageFault_Handler) for UsageFault_Handler
    startup_stm32f334x8.o(RESET) refers to port.o(.emb_text) for SVC_Handler
    startup_stm32f334x8.o(RESET) refers to stm32f3xx_it.o(i.DebugMon_Handler) for DebugMon_Handler
    startup_stm32f334x8.o(RESET) refers to port.o(i.SysTick_Handler) for SysTick_Handler
    startup_stm32f334x8.o(RESET) refers to stm32f3xx_it.o(i.DMA1_Channel1_IRQHandler) for DMA1_Channel1_IRQHandler
    startup_stm32f334x8.o(RESET) refers to stm32f3xx_it.o(i.DMA1_Channel4_IRQHandler) for DMA1_Channel4_IRQHandler
    startup_stm32f334x8.o(RESET) refers to stm32f3xx_it.o(i.DMA1_Channel5_IRQHandler) for DMA1_Channel5_IRQHandler
    startup_stm32f334x8.o(RESET) refers to stm32f3xx_it.o(i.TIM1_UP_TIM16_IRQHandler) for TIM1_UP_TIM16_IRQHandler
    startup_stm32f334x8.o(.text) refers to system_stm32f3xx.o(i.SystemInit) for SystemInit
    startup_stm32f334x8.o(.text) refers to entry.o(.ARM.Collect$$$$00000000) for __main
    modbus.o(i.MODBUS_Ansy) refers to urat.o(i.Get_Buff) for Get_Buff
    modbus.o(i.MODBUS_Ansy) refers to modbus.o(i.MODBUS_Ansy_Data) for MODBUS_Ansy_Data
    modbus.o(i.MODBUS_Ansy_Data) refers to modbus_crc.o(i.Modbus_CRC16) for Modbus_CRC16
    modbus.o(i.MODBUS_Ansy_Data) refers to modbus.o(i.Modbus_Func3) for Modbus_Func3
    modbus.o(i.MODBUS_Ansy_Data) refers to modbus.o(i.Modbus_Func6) for Modbus_Func6
    modbus.o(i.MODBUS_Ansy_Data) refers to modbus.o(.data) for .data
    modbus.o(i.Modbus_Func3) refers to modbus_crc.o(i.Modbus_CRC16) for Modbus_CRC16
    modbus.o(i.Modbus_Func3) refers to urat.o(i.Send_Bytes) for Send_Bytes
    modbus.o(i.Modbus_Func3) refers to modbus.o(.data) for .data
    modbus.o(i.Modbus_Func3) refers to modbus.o(.bss) for .bss
    modbus.o(i.Modbus_Func6) refers to modbus_crc.o(i.Modbus_CRC16) for Modbus_CRC16
    modbus.o(i.Modbus_Func6) refers to urat.o(i.Send_Bytes) for Send_Bytes
    modbus.o(i.Modbus_Func6) refers to modbus.o(.bss) for .bss
    modbus.o(i.Modbus_Func6) refers to modbus.o(.data) for .data
    modbus_crc.o(i.Modbus_CRC16) refers to modbus_crc.o(.constdata) for .constdata
    wave.o(i.startwork) refers to stm32f3xx_hal_gpio.o(i.HAL_GPIO_WritePin) for HAL_GPIO_WritePin
    wave.o(i.wavechan1) refers to stm32f3xx_hal_tim.o(i.HAL_TIM_Base_Start) for HAL_TIM_Base_Start
    wave.o(i.wavechan1) refers to stm32f3xx_hal_gpio.o(i.HAL_GPIO_WritePin) for HAL_GPIO_WritePin
    wave.o(i.wavechan1) refers to stm32f3xx_hal_tim.o(i.HAL_TIM_Base_Stop) for HAL_TIM_Base_Stop
    wave.o(i.wavechan1) refers to main.o(.bss) for htim2
    wave.o(i.wavechan1) refers to wave.o(.data) for .data
    wave.o(i.wavechan2) refers to stm32f3xx_hal_tim.o(i.HAL_TIM_Base_Start) for HAL_TIM_Base_Start
    wave.o(i.wavechan2) refers to stm32f3xx_hal_gpio.o(i.HAL_GPIO_WritePin) for HAL_GPIO_WritePin
    wave.o(i.wavechan2) refers to stm32f3xx_hal_tim.o(i.HAL_TIM_Base_Stop) for HAL_TIM_Base_Stop
    wave.o(i.wavechan2) refers to main.o(.bss) for htim2
    wave.o(i.wavechan2) refers to wave.o(.data) for .data
    wave.o(i.waveinit) refers to stm32f3xx_hal_gpio.o(i.HAL_GPIO_WritePin) for HAL_GPIO_WritePin
    wavefrom.o(i.GPIO_Port_Pulse) refers to wavefrom.o(i.Set_DAC) for Set_DAC
    wavefrom.o(i.GPIO_Port_Pulse) refers to stm32f3xx_hal_gpio.o(i.HAL_GPIO_WritePin) for HAL_GPIO_WritePin
    wavefrom.o(i.Set_DAC) refers to stm32f3xx_hal_dac_ex.o(i.HAL_DAC_Start) for HAL_DAC_Start
    wavefrom.o(i.Set_DAC) refers to stm32f3xx_hal_dac_ex.o(i.HAL_DAC_SetValue) for HAL_DAC_SetValue
    wavefrom.o(i.Set_DAC) refers to stm32f3xx_hal_tim.o(i.HAL_TIM_Base_Start_IT) for HAL_TIM_Base_Start_IT
    wavefrom.o(i.Set_DAC) refers to cmsis_os.o(i.osDelay) for osDelay
    wavefrom.o(i.Set_DAC) refers to stm32f3xx_hal_tim.o(i.HAL_TIM_Base_Stop_IT) for HAL_TIM_Base_Stop_IT
    wavefrom.o(i.Set_DAC) refers to main.o(.bss) for hdac2
    wavefrom.o(i.Set_DAC) refers to main.o(.data) for Test_D2
    wavefrom.o(i.Set_DAC) refers to main.o(.data) for Test_D1
    wavefrom.o(i.Tichabuxie_bufa) refers to wavefrom.o(i.GPIO_Port_Pulse) for GPIO_Port_Pulse
    wavefrom.o(i.Tichabuxie_bufa) refers to wavefrom.o(i.Set_DAC) for Set_DAC
[...]
    ..\Drivers\STM32F3xx_HAL_Driver\Src\stm32f3xx_hal_i2c_ex.c 0x00000000   Number         0  stm32f3xx_hal_i2c_ex.o ABSOLUTE
    ..\Drivers\STM32F3xx_HAL_Driver\Src\stm32f3xx_hal_pwr.c 0x00000000   Number         0  stm32f3xx_hal_pwr.o ABSOLUTE
    ..\Drivers\STM32F3xx_HAL_Driver\Src\stm32f3xx_hal_pwr_ex.c 0x00000000   Number         0  stm32f3xx_hal_pwr_ex.o ABSOLUTE
    ..\Drivers\STM32F3xx_HAL_Driver\Src\stm32f3xx_hal_rcc.c 0x00000000   Number         0  stm32f3xx_hal_rcc.o ABSOLUTE
    ..\Drivers\STM32F3xx_HAL_Driver\Src\stm32f3xx_hal_rcc_ex.c 0x00000000   Number         0  stm32f3xx_hal_rcc_ex.o ABSOLUTE
    ..\Drivers\STM32F3xx_HAL_Driver\Src\stm32f3xx_hal_tim.c 0x00000000   Number         0  stm32f3xx_hal_tim.o ABSOLUTE
    ..\Drivers\STM32F3xx_HAL_Driver\Src\stm32f3xx_hal_tim_ex.c 0x00000000   Number         0  stm32f3xx_hal_tim_ex.o ABSOLUTE
    ..\Drivers\STM32F3xx_HAL_Driver\Src\stm32f3xx_hal_uart.c 0x00000000   Number         0  stm32f3xx_hal_uart.o ABSOLUTE
    ..\Drivers\STM32F3xx_HAL_Driver\Src\stm32f3xx_hal_uart_ex.c 0x00000000   Number         0  stm32f3xx_hal_uart_ex.o ABSOLUTE
    ..\Middlewares\Third_Party\FreeRTOS\Source\CMSIS_RTOS\cmsis_os.c 0x00000000   Number         0  cmsis_os.o ABSOLUTE
    ..\Middlewares\Third_Party\FreeRTOS\Source\portable\RVDS\ARM_CM4F\port.c 0x00000000   Number         0  port.o ABSOLUTE
    ..\Src\freertos.c                        0x00000000   Number         0  freertos.o ABSOLUTE
    ..\Src\main.c                            0x00000000   Number         0  main.o ABSOLUTE
    ..\Src\stm32f3xx_hal_msp.c               0x00000000   Number         0  stm32f3xx_hal_msp.o ABSOLUTE
    ..\Src\stm32f3xx_hal_timebase_tim.c      0x00000000   Number         0  stm32f3xx_hal_timebase_tim.o ABSOLUTE
    ..\Src\stm32f3xx_it.c                    0x00000000   Number         0  stm32f3xx_it.o ABSOLUTE
    ..\Src\system_stm32f3xx.c                0x00000000   Number         0  system_stm32f3xx.o ABSOLUTE
    MODBUS\MODBUS.C                          0x00000000   Number         0  modbus.o ABSOLUTE
    MODBUS\MODBUS_CRC.C                      0x00000000   Number         0  modbus_crc.o ABSOLUTE
    MODBUS\\MODBUS.C                         0x00000000   Number         0  modbus.o ABSOLUTE
    MODBUS\\MODBUS_CRC.C                     0x00000000   Number         0  modbus_crc.o ABSOLUTE
    URAT\URAT.C                              0x00000000   Number         0  urat.o ABSOLUTE
    URAT\\URAT.C                             0x00000000   Number         0  urat.o ABSOLUTE
    adc\\adc.c                               0x00000000   Number         0  adc.o ABSOLUTE
    adc\adc.c                                0x00000000   Number         0  adc.o ABSOLUTE
    dc.s                                     0x00000000   Number         0  dc.o ABSOLUTE
    handlers.s                               0x00000000   Number         0  handlers.o ABSOLUTE
    init.s                                   0x00000000   Number         0  init.o ABSOLUTE
    peizhi\\wave.c                           0x00000000   Number         0  wave.o ABSOLUTE
    peizhi\wave.c                            0x00000000   Number         0  wave.o ABSOLUTE
    startup_stm32f334x8.s                    0x00000000   Number         0  startup_stm32f334x8.o ABSOLUTE
    wavefrom\Wavefrom.c                      0x00000000   Number         0  wavefrom.o ABSOLUTE
    wavefrom\\Wavefrom.c                     0x00000000   Number         0  wavefrom.o ABSOLUTE
    RESET                                    0x08000000   Section      392  startup_stm32f334x8.o(RESET)
    .ARM.Collect$$$$00000000                 0x08000188   Section        0  entry.o(.ARM.Collect$$$$00000000)
    .ARM.Collect$$$$00000001                 0x08000188   Section        4  entry2.o(.ARM.Collect$$$$00000001)
    .ARM.Collect$$$$00000004                 0x0800018c   Section        4  entry5.o(.ARM.Collect$$$$00000004)
    .ARM.Collect$$$$00000008                 0x08000190   Section        0  entry7b.o(.ARM.Collect$$$$00000008)
    .ARM.Collect$$$$0000000A                 0x08000190   Section        0  entry8b.o(.ARM.Collect$$$$0000000A)
    .ARM.Collect$$$$0000000B                 0x08000190   Section        8  entry9a.o(.ARM.Collect$$$$0000000B)
    .ARM.Collect$$$$0000000D                 0x08000198   Section        0  entry10a.o(.ARM.Collect$$$$0000000D)
    .ARM.Collect$$$$0000000F                 0x08000198   Section        0  entry11a.o(.ARM.Collect$$$$0000000F)
    .ARM.Collect$$$$00002712                 0x08000198   Section        4  entry2.o(.ARM.Collect$$$$00002712)
    __lit__00000000                          0x08000198   Data           4  entry2.o(.ARM.Collect$$$$00002712)
    .emb_text                                0x0800019c   Section      186  port.o(.emb_text)
    $v0                                      0x0800019c   Number         0  port.o(.emb_text)
    .text                                    0x08000258   Section       36  startup_stm32f334x8.o(.text)
    $v0                                      0x08000258   Number         0  startup_stm32f334x8.o(.text)
    .text                                    0x0800027c   Section        0  memcpya.o(.text)
    .text                                    0x080002a0   Section        0  memseta.o(.text)
    .text                                    0x080002c4   Section       36  init.o(.text)
    i.ADC_DMAConvCplt                        0x080002e8   Section        0  stm32f3xx_hal_adc_ex.o(i.ADC_DMAConvCplt)
    ADC_DMAConvCplt                          0x080002e9   Thumb Code    68  stm32f3xx_hal_adc_ex.o(i.ADC_DMAConvCplt)
    i.ADC_DMAError                           0x0800032c   Section        0  stm32f3xx_hal_adc_ex.o(i.ADC_DMAError)
    ADC_DMAError                             0x0800032d   Thumb Code    22  stm32f3xx_hal_adc_ex.o(i.ADC_DMAError)
    i.ADC_DMAHalfConvCplt                    0x08000342   Section        0  stm32f3xx_hal_adc_ex.o(i.ADC_DMAHalfConvCplt)
    ADC_DMAHalfConvCplt                      0x08000343   Thumb Code     6  stm32f3xx_hal_adc_ex.o(i.ADC_DMAHalfConvCplt)
    i.ADC_Disable                            0x08000348   Section        0  stm32f3xx_hal_adc_ex.o(i.ADC_Disable)
    ADC_Disable                              0x08000349   Thumb Code    98  stm32f3xx_hal_adc_ex.o(i.ADC_Disable)
    i.ADC_Enable                             0x080003ac   Section        0  stm32f3xx_hal_adc_ex.o(i.ADC_Enable)
    ADC_Enable                               0x080003ad   Thumb Code    92  stm32f3xx_hal_adc_ex.o(i.ADC_Enable)
    i.BusFault_Handler                       0x0800040c   Section        0  stm32f3xx_it.o(i.BusFault_Handler)
    i.Check_Modbus                           0x0800040e   Section        0  main.o(i.Check_Modbus)
    i.DAC_Task                               0x08000412   Section        0  main.o(i.DAC_Task)
    i.DMA1_Channel1_IRQHandler               0x08000420   Section        0  stm32f3xx_it.o(i.DMA1_Channel1_IRQHandler)
    i.DMA1_Channel4_IRQHandler               0x0800042c   Section        0  stm32f3xx_it.o(i.DMA1_Channel4_IRQHandler)
    i.DMA1_Channel5_IRQHandler               0x08000444   Section        0  stm32f3xx_it.o(i.DMA1_Channel5_IRQHandler)
    i.DMA_CalcBaseAndBitshift                0x08000450   Section        0  stm32f3xx_hal_dma.o(i.DMA_CalcBaseAndBitshift)
    DMA_CalcBaseAndBitshift                  0x08000451   Thumb Code    22  stm32f3xx_hal_dma.o(i.DMA_CalcBaseAndBitshift)
    i.DMA_SetConfig                          0x08000470   Section        0  stm32f3xx_hal_dma.o(i.DMA_SetConfig)
    DMA_SetConfig                            0x08000471   Thumb Code    42  stm32f3xx_hal_dma.o(i.DMA_SetConfig)
    i.DebugMon_Handler                       0x0800049a   Section        0  stm32f3xx_it.o(i.DebugMon_Handler)
    i.Error_Handler                          0x0800049c   Section        0  main.o(i.Error_Handler)
    i.Get_Buff                               0x080004a0   Section        0  urat.o(i.Get_Buff)
    i.HAL_ADCEx_MultiModeConfigChannel       0x080004d8   Section        0  stm32f3xx_hal_adc_ex.o(i.HAL_ADCEx_MultiModeConfigChannel)
    i.HAL_ADC_ConfigChannel                  0x080005b4   Section        0  stm32f3xx_hal_adc_ex.o(i.HAL_ADC_ConfigChannel)
    i.HAL_ADC_ConvCpltCallback               0x08000904   Section        0  adc.o(i.HAL_ADC_ConvCpltCallback)
    i.HAL_ADC_ConvHalfCpltCallback           0x08000938   Section        0  stm32f3xx_hal_adc.o(i.HAL_ADC_ConvHalfCpltCallback)
    i.HAL_ADC_ErrorCallback                  0x0800093a   Section        0  stm32f3xx_hal_adc.o(i.HAL_ADC_ErrorCallback)
    i.HAL_ADC_Init                           0x0800093c   Section        0  stm32f3xx_hal_adc_ex.o(i.HAL_ADC_Init)
    i.HAL_ADC_MspInit                        0x08000b1c   Section        0  stm32f3xx_hal_msp.o(i.HAL_ADC_MspInit)
    i.HAL_ADC_Start_DMA                      0x08000ba8   Section        0  stm32f3xx_hal_adc_ex.o(i.HAL_ADC_Start_DMA)
    i.HAL_CRCEx_Polynomial_Set               0x08000cb0   Section        0  stm32f3xx_hal_crc_ex.o(i.HAL_CRCEx_Polynomial_Set)
    i.HAL_CRC_Init                           0x08000cfc   Section        0  stm32f3xx_hal_crc.o(i.HAL_CRC_Init)
    i.HAL_CRC_MspInit                        0x08000d70   Section        0  stm32f3xx_hal_msp.o(i.HAL_CRC_MspInit)
    i.HAL_DAC_ConfigChannel                  0x08000d98   Section        0  stm32f3xx_hal_dac_ex.o(i.HAL_DAC_ConfigChannel)
    i.HAL_DAC_Init                           0x08000df0   Section        0  stm32f3xx_hal_dac.o(i.HAL_DAC_Init)
    i.HAL_DAC_MspInit                        0x08000e18   Section        0  stm32f3xx_hal_msp.o(i.HAL_DAC_MspInit)
    i.HAL_DAC_SetValue                       0x08000ea0   Section        0  stm32f3xx_hal_dac_ex.o(i.HAL_DAC_SetValue)
    i.HAL_DAC_Start                          0x08000eba   Section        0  stm32f3xx_hal_dac_ex.o(i.HAL_DAC_Start)
    i.HAL_DMA_IRQHandler                     0x08000f0e   Section        0  stm32f3xx_hal_dma.o(i.HAL_DMA_IRQHandler)
    i.HAL_DMA_Init                           0x08000fb6   Section        0  stm32f3xx_hal_dma.o(i.HAL_DMA_Init)
    i.HAL_DMA_Start_IT                       0x08001004   Section        0  stm32f3xx_hal_dma.o(i.HAL_DMA_Start_IT)
    i.HAL_GPIO_Init                          0x08001074   Section        0  stm32f3xx_hal_gpio.o(i.HAL_GPIO_Init)
    i.HAL_GPIO_WritePin                      0x080011f4   Section        0  stm32f3xx_hal_gpio.o(i.HAL_GPIO_WritePin)
    i.HAL_GetTick                            0x08001200   Section        0  stm32f3xx_hal.o(i.HAL_GetTick)
    i.HAL_IncTick                            0x0800120c   Section        0  stm32f3xx_hal.o(i.HAL_IncTick)
    i.HAL_Init                               0x0800121c   Section        0  stm32f3xx_hal.o(i.HAL_Init)
    i.HAL_InitTick                           0x08001240   Section        0  stm32f3xx_hal_timebase_tim.o(i.HAL_InitTick)
    i.HAL_MspInit                            0x080012b4   Section        0  stm32f3xx_hal_msp.o(i.HAL_MspInit)
    i.HAL_NVIC_EnableIRQ                     0x080012e8   Section        0  stm32f3xx_hal_cortex.o(i.HAL_NVIC_EnableIRQ)
    i.HAL_NVIC_SetPriority                   0x08001300   Section        0  stm32f3xx_hal_cortex.o(i.HAL_NVIC_SetPriority)
    i.HAL_NVIC_SetPriorityGrouping           0x08001340   Section        0  stm32f3xx_hal_cortex.o(i.HAL_NVIC_SetPriorityGrouping)
    i.HAL_RCCEx_PeriphCLKConfig              0x08001364   Section        0  stm32f3xx_hal_rcc_ex.o(i.HAL_RCCEx_PeriphCLKConfig)
    i.HAL_RCC_ClockConfig                    0x080014ec   Section        0  stm32f3xx_hal_rcc.o(i.HAL_RCC_ClockConfig)
    i.HAL_RCC_GetClockConfig                 0x08001630   Section        0  stm32f3xx_hal_rcc.o(i.HAL_RCC_GetClockConfig)
    i.HAL_RCC_GetPCLK1Freq                   0x08001670   Section        0  stm32f3xx_hal_rcc.o(i.HAL_RCC_GetPCLK1Freq)
    i.HAL_RCC_GetPCLK2Freq                   0x080016a0   Section        0  stm32f3xx_hal_rcc.o(i.HAL_RCC_GetPCLK2Freq)
    i.HAL_RCC_GetSysClockFreq                0x080016d0   Section        0  stm32f3xx_hal_rcc.o(i.HAL_RCC_GetSysClockFreq)
    i.HAL_RCC_OscConfig                      0x08001734   Section        0  stm32f3xx_hal_rcc.o(i.HAL_RCC_OscConfig)
    i.HAL_TIMEx_Break2Callback               0x08001cc4   Section        0  stm32f3xx_hal_tim_ex.o(i.HAL_TIMEx_Break2Callback)
    i.HAL_TIMEx_BreakCallback                0x08001cc6   Section        0  stm32f3xx_hal_tim_ex.o(i.HAL_TIMEx_BreakCallback)
    i.HAL_TIMEx_CommutationCallback          0x08001cc8   Section        0  stm32f3xx_hal_tim_ex.o(i.HAL_TIMEx_CommutationCallback)
    i.HAL_TIMEx_MasterConfigSynchronization  0x08001ccc   Section        0  stm32f3xx_hal_tim_ex.o(i.HAL_TIMEx_MasterConfigSynchronization)
    i.HAL_TIM_Base_Init                      0x08001d18   Section        0  stm32f3xx_hal_tim.o(i.HAL_TIM_Base_Init)
    i.HAL_TIM_Base_MspInit                   0x08001d50   Section        0  stm32f3xx_hal_msp.o(i.HAL_TIM_Base_MspInit)
    i.HAL_TIM_Base_Start                     0x08001da8   Section        0  stm32f3xx_hal_tim.o(i.HAL_TIM_Base_Start)
    i.HAL_TIM_Base_Start_IT                  0x08001dc2   Section        0  stm32f3xx_hal_tim.o(i.HAL_TIM_Base_Start_IT)
    i.HAL_TIM_Base_Stop_IT                   0x08001dda   Section        0  stm32f3xx_hal_tim.o(i.HAL_TIM_Base_Stop_IT)
    i.HAL_TIM_ConfigClockSource              0x08001e04   Section        0  stm32f3xx_hal_tim.o(i.HAL_TIM_ConfigClockSource)
    i.HAL_TIM_IC_CaptureCallback             0x08001f00   Section        0  stm32f3xx_hal_tim.o(i.HAL_TIM_IC_CaptureCallback)
    i.HAL_TIM_IRQHandler                     0x08001f02   Section        0  stm32f3xx_hal_tim.o(i.HAL_TIM_IRQHandler)
    i.HAL_TIM_OC_DelayElapsedCallback        0x08002086   Section        0  stm32f3xx_hal_tim.o(i.HAL_TIM_OC_DelayElapsedCallback)
    i.HAL_TIM_PWM_PulseFinishedCallback      0x08002088   Section        0  stm32f3xx_hal_tim.o(i.HAL_TIM_PWM_PulseFinishedCallback)
    i.HAL_TIM_PeriodElapsedCallback          0x0800208c   Section        0  main.o(i.HAL_TIM_PeriodElapsedCallback)
    i.HAL_TIM_TriggerCallback                0x080020a0   Section        0  stm32f3xx_hal_tim.o(i.HAL_TIM_TriggerCallback)
    i.HAL_UART_ErrorCallback                 0x080020a2   Section        0  stm32f3xx_hal_uart.o(i.HAL_UART_ErrorCallback)
    i.HAL_UART_Init                          0x080020a4   Section        0  stm32f3xx_hal_uart.o(i.HAL_UART_Init)
    i.HAL_UART_MspInit                       0x08002110   Section        0  stm32f3xx_hal_msp.o(i.HAL_UART_MspInit)
    i.HAL_UART_Receive_DMA                   0x080021cc   Section        0  stm32f3xx_hal_uart.o(i.HAL_UART_Receive_DMA)
    i.HAL_UART_RxCpltCallback                0x0800225c   Section        0  urat.o(i.HAL_UART_RxCpltCallback)
    i.HAL_UART_RxHalfCpltCallback            0x0800225e   Section        0  stm32f3xx_hal_uart.o(i.HAL_UART_RxHalfCpltCallback)
    i.HAL_UART_Transmit_DMA                  0x08002260   Section        0  stm32f3xx_hal_uart.o(i.HAL_UART_Transmit_DMA)
    i.HAL_UART_TxCpltCallback                0x080022e8   Section        0  urat.o(i.HAL_UART_TxCpltCallback)
    i.HAL_UART_TxHalfCpltCallback            0x080022ea   Section        0  stm32f3xx_hal_uart.o(i.HAL_UART_TxHalfCpltCallback)
    i.HardFault_Handler                      0x080022ec   Section        0  stm32f3xx_it.o(i.HardFault_Handler)
    i.MODBUS_Ansy                            0x080022ee   Section        0  modbus.o(i.MODBUS_Ansy)
    i.MODBUS_Ansy_Data                       0x08002304   Section        0  modbus.o(i.MODBUS_Ansy_Data)
    i.MX_ADC1_Init                           0x0800235c   Section        0  main.o(i.MX_ADC1_Init)
    MX_ADC1_Init                             0x0800235d   Thumb Code   160  main.o(i.MX_ADC1_Init)
    i.MX_GPIO_Init                           0x08002400   Section        0  main.o(i.MX_GPIO_Init)
    MX_GPIO_Init                             0x08002401   Thumb Code   206  main.o(i.MX_GPIO_Init)
    i.MX_TIM2_Init                           0x080024dc   Section        0  main.o(i.MX_TIM2_Init)
    MX_TIM2_Init                             0x080024dd   Thumb Code    80  main.o(i.MX_TIM2_Init)
    i.MX_TIM3_Init                           0x08002530   Section        0  main.o(i.MX_TIM3_Init)
    MX_TIM3_Init                             0x08002531   Thumb Code    80  main.o(i.MX_TIM3_Init)
    i.MX_USART1_UART_Init                    0x08002588   Section        0  main.o(i.MX_USART1_UART_Init)
    MX_USART1_UART_Init                      0x08002589   Thumb Code    36  main.o(i.MX_USART1_UART_Init)
    i.MemManage_Handler                      0x080025b4   Section        0  stm32f3xx_it.o(i.MemManage_Handler)
    i.Modbus_CRC16                           0x080025b8   Section        0  modbus_crc.o(i.Modbus_CRC16)
    i.Modbus_Func3                           0x080025e4   Section        0  modbus.o(i.Modbus_Func3)
    i.Modbus_Func6                           0x08002658   Section        0  modbus.o(i.Modbus_Func6)
    i.NMI_Handler                            0x080026ac   Section        0  stm32f3xx_it.o(i.NMI_Handler)
    i.NVIC_SetPriority                       0x080026ae   Section        0  stm32f3xx_hal_cortex.o(i.NVIC_SetPriority)
    NVIC_SetPriority                         0x080026af   Thumb Code    32  stm32f3xx_hal_cortex.o(i.NVIC_SetPriority)
    i.Receive_Changed                        0x080026d0   Section        0  urat.o(i.Receive_Changed)
    i.Send_Bytes                             0x080026f0   Section        0  urat.o(i.Send_Bytes)
    i.Set_DAC                                0x0800270c   Section        0  wavefrom.o(i.Set_DAC)
    i.StartDefaultTask                       0x080027b8   Section        0  main.o(i.StartDefaultTask)
    i.StartTask_SelfTest                     0x08002884   Section        0  main.o(i.StartTask_SelfTest)
    i.StartTask_Uart                         0x0800288c   Section        0  main.o(i.StartTask_Uart)
    i.SysTick_Handler                        0x080028bc   Section        0  port.o(i.SysTick_Handler)
    i.SystemClock_Config                     0x080028e8   Section        0  main.o(i.SystemClock_Config)
    i.SystemInit                             0x08002948   Section        0  system_stm32f3xx.o(i.SystemInit)
    i.TIM1_UP_TIM16_IRQHandler               0x080029b0   Section        0  stm32f3xx_it.o(i.TIM1_UP_TIM16_IRQHandler)
    i.TIM_Base_SetConfig                     0x080029bc   Section        0  stm32f3xx_hal_tim.o(i.TIM_Base_SetConfig)
    i.TIM_ETR_SetConfig                      0x08002a44   Section        0  stm32f3xx_hal_tim.o(i.TIM_ETR_SetConfig)
    i.TIM_ITRx_SetConfig                     0x08002a58   Section        0  stm32f3xx_hal_tim.o(i.TIM_ITRx_SetConfig)
    TIM_ITRx_SetConfig                       0x08002a59   Thumb Code    16  stm32f3xx_hal_tim.o(i.TIM_ITRx_SetConfig)
    i.TIM_TI1_ConfigInputStage               0x08002a68   Section        0  stm32f3xx_hal_tim.o(i.TIM_TI1_ConfigInputStage)
    TIM_TI1_ConfigInputStage                 0x08002a69   Thumb Code    34  stm32f3xx_hal_tim.o(i.TIM_TI1_ConfigInputStage)
    i.TIM_TI2_ConfigInputStage               0x08002a8a   Section        0  stm32f3xx_hal_tim.o(i.TIM_TI2_ConfigInputStage)
    TIM_TI2_ConfigInputStage                 0x08002a8b   Thumb Code    36  stm32f3xx_hal_tim.o(i.TIM_TI2_ConfigInputStage)
    i.UART_AdvFeatureConfig                  0x08002aae   Section        0  stm32f3xx_hal_uart.o(i.UART_AdvFeatureConfig)
    i.UART_CheckIdleState                    0x08002b76   Section        0  stm32f3xx_hal_uart.o(i.UART_CheckIdleState)
    i.UART_DMAError                          0x08002bd2   Section        0  stm32f3xx_hal_uart.o(i.UART_DMAError)
    UART_DMAError                            0x08002bd3   Thumb Code    74  stm32f3xx_hal_uart.o(i.UART_DMAError)
    i.UART_DMAReceiveCplt                    0x08002c1c   Section        0  stm32f3xx_hal_uart.o(i.UART_DMAReceiveCplt)
    UART_DMAReceiveCplt                      0x08002c1d   Thumb Code    62  stm32f3xx_hal_uart.o(i.UART_DMAReceiveCplt)
    i.UART_DMARxHalfCplt                     0x08002c5a   Section        0  stm32f3xx_hal_uart.o(i.UART_DMARxHalfCplt)
    UART_DMARxHalfCplt                       0x08002c5b   Thumb Code    10  stm32f3xx_hal_uart.o(i.UART_DMARxHalfCplt)
    i.UART_DMATransmitCplt                   0x08002c64   Section        0  stm32f3xx_hal_uart.o(i.UART_DMATransmitCplt)
    UART_DMATransmitCplt                     0x08002c65   Thumb Code    48  stm32f3xx_hal_uart.o(i.UART_DMATransmitCplt)
    i.UART_DMATxHalfCplt                     0x08002c94   Section        0  stm32f3xx_hal_uart.o(i.UART_DMATxHalfCplt)
    UART_DMATxHalfCplt                       0x08002c95   Thumb Code    10  stm32f3xx_hal_uart.o(i.UART_DMATxHalfCplt)
    i.UART_EndRxTransfer                     0x08002c9e   Section        0  stm32f3xx_hal_uart.o(i.UART_EndRxTransfer)
    UART_EndRxTransfer                       0x08002c9f   Thumb Code    28  stm32f3xx_hal_uart.o(i.UART_EndRxTransfer)
    i.UART_EndTxTransfer                     0x08002cba   Section        0  stm32f3xx_hal_uart.o(i.UART_EndTxTransfer)
    UART_EndTxTransfer                       0x08002cbb   Thumb Code    18  stm32f3xx_hal_uart.o(i.UART_EndTxTransfer)
    i.UART_SetConfig                         0x08002ccc   Section        0  stm32f3xx_hal_uart.o(i.UART_SetConfig)
    i.UART_WaitOnFlagUntilTimeout            0x08002e18   Section        0  stm32f3xx_hal_uart.o(i.UART_WaitOnFlagUntilTimeout)
    i.UsageFault_Handler                     0x08002e7c   Section        0  stm32f3xx_it.o(i.UsageFault_Handler)
    i.__scatterload_copy                     0x08002e7e   Section       14  handlers.o(i.__scatterload_copy)
    i.__scatterload_null                     0x08002e8c   Section        2  handlers.o(i.__scatterload_null)
    i.__scatterload_zeroinit                 0x08002e8e   Section       14  handlers.o(i.__scatterload_zeroinit)
    i.inHandlerMode                          0x08002e9c   Section        0  cmsis_os.o(i.inHandlerMode)
    inHandlerMode                            0x08002e9d   Thumb Code    12  cmsis_os.o(i.inHandlerMode)
    i.main                                   0x08002ea8   Section        0  main.o(i.main)
    i.makeFreeRtosPriority                   0x0800302c   Section        0  cmsis_os.o(i.makeFreeRtosPriority)
    makeFreeRtosPriority                     0x0800302d   Thumb Code    12  cmsis_os.o(i.makeFreeRtosPriority)
    i.osDelay                                0x08003038   Section        0  cmsis_os.o(i.osDelay)
    i.osKernelStart                          0x08003046   Section        0  cmsis_os.o(i.osKernelStart)
    i.osThreadCreate                         0x08003050   Section        0  cmsis_os.o(i.osThreadCreate)
    i.osTimerCreate                          0x08003080   Section        0  cmsis_os.o(i.osTimerCreate)
    i.osTimerStart                           0x080030a4   Section        0  cmsis_os.o(i.osTimerStart)
    i.osTimerStop                            0x08003100   Section        0  cmsis_os.o(i.osTimerStop)
    i.prvAddCurrentTaskToDelayedList         0x08003158   Section        0  tasks.o(i.prvAddCurrentTaskToDelayedList)
    prvAddCurrentTaskToDelayedList           0x08003159   Thumb Code    76  tasks.o(i.prvAddCurrentTaskToDelayedList)
    i.prvAddNewTaskToReadyList               0x080031a8   Section        0  tasks.o(i.prvAddNewTaskToReadyList)
    prvAddNewTaskToReadyList                 0x080031a9   Thumb Code   178  tasks.o(i.prvAddNewTaskToReadyList)
    i.prvCheckForValidListAndQueue           0x08003268   Section        0  timers.o(i.prvCheckForValidListAndQueue)
    prvCheckForValidListAndQueue             0x08003269   Thumb Code    62  timers.o(i.prvCheckForValidListAndQueue)
    i.prvCopyDataFromQueue                   0x080032b8   Section        0  queue.o(i.prvCopyDataFromQueue)
    prvCopyDataFromQueue                     0x080032b9   Thumb Code    38  queue.o(i.prvCopyDataFromQueue)
    i.prvCopyDataToQueue                     0x080032de   Section        0  queue.o(i.prvCopyDataToQueue)
    prvCopyDataToQueue                       0x080032df   Thumb Code    90  queue.o(i.prvCopyDataToQueue)
    i.prvHeapInit                            0x08003338   Section        0  heap_4.o(i.prvHeapInit)
    prvHeapInit                              0x08003339   Thumb Code    64  heap_4.o(i.prvHeapInit)
    i.prvIdleTask                            0x08003380   Section        0  tasks.o(i.prvIdleTask)
    prvIdleTask                              0x08003381   Thumb Code    26  tasks.o(i.prvIdleTask)
    i.prvInitialiseNewTask                   0x080033a4   Section        0  tasks.o(i.prvInitialiseNewTask)
    prvInitialiseNewTask                     0x080033a5   Thumb Code   138  tasks.o(i.prvInitialiseNewTask)
    i.prvInsertBlockIntoFreeList             0x08003430   Section        0  heap_4.o(i.prvInsertBlockIntoFreeList)
    prvInsertBlockIntoFreeList               0x08003431   Thumb Code    72  heap_4.o(i.prvInsertBlockIntoFreeList)
    i.prvInsertTimerInActiveList             0x0800347c   Section        0  timers.o(i.prvInsertTimerInActiveList)
    prvInsertTimerInActiveList               0x0800347d   Thumb Code    52  timers.o(i.prvInsertTimerInActiveList)
    i.prvIsQueueEmpty                        0x080034b4   Section        0  queue.o(i.prvIsQueueEmpty)
    prvIsQueueEmpty                          0x080034b5   Thumb Code    28  queue.o(i.prvIsQueueEmpty)
    i.prvProcessReceivedCommands             0x080034d0   Section        0  timers.o(i.prvProcessReceivedCommands)
    prvProcessReceivedCommands               0x080034d1   Thumb Code   180  timers.o(i.prvProcessReceivedCommands)
    i.prvProcessTimerOrBlockTask             0x08003588   Section        0  timers.o(i.prvProcessTimerOrBlockTask)
    prvProcessTimerOrBlockTask               0x08003589   Thumb Code   172  timers.o(i.prvProcessTimerOrBlockTask)
    i.prvResetNextTaskUnblockTime            0x0800363c   Section        0  tasks.o(i.prvResetNextTaskUnblockTime)
    prvResetNextTaskUnblockTime              0x0800363d   Thumb Code    26  tasks.o(i.prvResetNextTaskUnblockTime)
    i.prvSampleTimeNow                       0x0800365c   Section        0  timers.o(i.prvSampleTimeNow)
    prvSampleTimeNow                         0x0800365d   Thumb Code    36  timers.o(i.prvSampleTimeNow)
    i.prvSwitchTimerLists                    0x08003684   Section        0  timers.o(i.prvSwitchTimerLists)
    prvSwitchTimerLists                      0x08003685   Thumb Code   102  timers.o(i.prvSwitchTimerLists)
    i.prvTaskExitError                       0x080036f0   Section        0  port.o(i.prvTaskExitError)
    prvTaskExitError                         0x080036f1   Thumb Code    36  port.o(i.prvTaskExitError)
    i.prvTimerTask                           0x08003718   Section        0  timers.o(i.prvTimerTask)
    prvTimerTask                             0x08003719   Thumb Code    32  timers.o(i.prvTimerTask)
    i.prvUnlockQueue                         0x0800373c   Section        0  queue.o(i.prvUnlockQueue)
    prvUnlockQueue                           0x0800373d   Thumb Code   106  queue.o(i.prvUnlockQueue)
    i.pvPortMalloc                           0x080037a8   Section        0  heap_4.o(i.pvPortMalloc)
    i.pxPortInitialiseStack                  0x08003880   Section        0  port.o(i.pxPortInitialiseStack)
    i.uxListRemove                           0x080038ac   Section        0  list.o(i.uxListRemove)
    i.vListInitialise                        0x080038d0   Section        0  list.o(i.vListInitialise)
    i.vListInitialiseItem                    0x080038e6   Section        0  list.o(i.vListInitialiseItem)
    i.vListInsert                            0x080038ec   Section        0  list.o(i.vListInsert)
    i.vListInsertEnd                         0x0800391c   Section        0  list.o(i.vListInsertEnd)
    i.vPortEnterCritical                     0x08003934   Section        0  port.o(i.vPortEnterCritical)
    i.vPortExitCritical                      0x08003974   Section        0  port.o(i.vPortExitCritical)
    i.vPortFree                              0x0800399c   Section        0  heap_4.o(i.vPortFree)
    i.vPortSetupTimerInterrupt               0x080039f8   Section        0  port.o(i.vPortSetupTimerInterrupt)
    i.vPortValidateInterruptPriority         0x08003a18   Section        0  port.o(i.vPortValidateInterruptPriority)
    i.vQueueAddToRegistry                    0x08003a6c   Section        0  queue.o(i.vQueueAddToRegistry)
    i.vQueueWaitForMessageRestricted         0x08003a94   Section        0  queue.o(i.vQueueWaitForMessageRestricted)
    i.vTaskDelay                             0x08003ad8   Section        0  tasks.o(i.vTaskDelay)
    i.vTaskMissedYield                       0x08003b24   Section        0  tasks.o(i.vTaskMissedYield)
    i.vTaskPlaceOnEventList                  0x08003b30   Section        0  tasks.o(i.vTaskPlaceOnEventList)
    i.vTaskPlaceOnEventListRestricted        0x08003b60   Section        0  tasks.o(i.vTaskPlaceOnEventListRestricted)
    i.vTaskSetTimeOutState                   0x08003b98   Section        0  tasks.o(i.vTaskSetTimeOutState)
    i.vTaskStartScheduler                    0x08003bbc   Section        0  tasks.o(i.vTaskStartScheduler)
    i.vTaskSuspendAll                        0x08003c2c   Section        0  tasks.o(i.vTaskSuspendAll)
    i.vTaskSwitchContext                     0x08003c3c   Section        0  tasks.o(i.vTaskSwitchContext)
    i.xPortStartScheduler                    0x08003c98   Section        0  port.o(i.xPortStartScheduler)
    i.xQueueGenericCreate                    0x08003d78   Section        0  queue.o(i.xQueueGenericCreate)
    i.xQueueGenericReceive                   0x08003dc0   Section        0  queue.o(i.xQueueGenericReceive)
    i.xQueueGenericReset                     0x08003f10   Section        0  queue.o(i.xQueueGenericReset)
    i.xQueueGenericSend                      0x08003f98   Section        0  queue.o(i.xQueueGenericSend)
    i.xQueueGenericSendFromISR               0x080040f8   Section        0  queue.o(i.xQueueGenericSendFromISR)
    i.xTaskCheckForTimeOut                   0x080041b4   Section        0  tasks.o(i.xTaskCheckForTimeOut)
    i.xTaskCreate                            0x0800421c   Section        0  tasks.o(i.xTaskCreate)
    i.xTaskGetSchedulerState                 0x08004274   Section        0  tasks.o(i.xTaskGetSchedulerState)
    i.xTaskGetTickCount                      0x08004290   Section        0  tasks.o(i.xTaskGetTickCount)
    i.xTaskIncrementTick                     0x0800429c   Section        0  tasks.o(i.xTaskIncrementTick)
    i.xTaskRemoveFromEventList               0x08004364   Section        0  tasks.o(i.xTaskRemoveFromEventList)
    i.xTaskResumeAll                         0x080043d8   Section        0  tasks.o(i.xTaskResumeAll)
    i.xTimerCreate                           0x0800449c   Section        0  timers.o(i.xTimerCreate)
    i.xTimerCreateTimerTask                  0x080044ec   Section        0  timers.o(i.xTimerCreateTimerTask)
    i.xTimerGenericCommand                   0x08004534   Section        0  timers.o(i.xTimerGenericCommand)
    .constdata                               0x08004594   Section      512  modbus_crc.o(.constdata)
    .constdata                               0x08004794   Section       84  main.o(.constdata)
    .constdata                               0x080047e8   Section       32  stm32f3xx_hal_rcc.o(.constdata)
    .constdata                               0x08004808   Section       16  system_stm32f3xx.o(.constdata)
    .constdata                               0x08004818   Section        8  system_stm32f3xx.o(.constdata)
    .conststring                             0x08004820   Section       48  main.o(.conststring)
    .data                                    0x20000000   Section        1  modbus.o(.data)
    .data                                    0x20000004   Section        4  main.o(.data)
    .data                                    0x20000008   Section        4  main.o(.data)
    .data                                    0x2000000c   Section       20  main.o(.data)
    .data                                    0x20000020   Section        2  adc.o(.data)
    .data                                    0x20000024   Section       12  urat.o(.data)
    Last_CNDTR                               0x2000002c   Data           4  urat.o(.data)
    .data                                    0x20000030   Section       12  stm32f3xx_hal.o(.data)
    .data                                    0x2000003c   Section        4  system_stm32f3xx.o(.data)
    .data                                    0x20000040   Section       56  tasks.o(.data)
    uxCurrentNumberOfTasks                   0x20000044   Data           4  tasks.o(.data)
    xTickCount                               0x20000048   Data           4  tasks.o(.data)
    uxTopReadyPriority                       0x2000004c   Data           4  tasks.o(.data)
    xSchedulerRunning                        0x20000050   Data           4  tasks.o(.data)
    uxPendedTicks                            0x20000054   Data           4  tasks.o(.data)
    xYieldPending                            0x20000058   Data           4  tasks.o(.data)
    xNumOfOverflows                          0x2000005c   Data           4  tasks.o(.data)
    uxTaskNumber                             0x20000060   Data           4  tasks.o(.data)
    xNextTaskUnblockTime                     0x20000064   Data           4  tasks.o(.data)
    xIdleTaskHandle                          0x20000068   Data           4  tasks.o(.data)
    uxSchedulerSuspended                     0x2000006c   Data           4  tasks.o(.data)
    pxDelayedTaskList                        0x20000070   Data           4  tasks.o(.data)
    pxOverflowDelayedTaskList                0x20000074   Data           4  tasks.o(.data)
    .data                                    0x20000078   Section       20  timers.o(.data)
    xTimerQueue                              0x20000078   Data           4  timers.o(.data)
    xTimerTaskHandle                         0x2000007c   Data           4  timers.o(.data)
    xLastTime                                0x20000080   Data           4  timers.o(.data)
    pxCurrentTimerList                       0x20000084   Data           4  timers.o(.data)
    pxOverflowTimerList                      0x20000088   Data           4  timers.o(.data)
    .data                                    0x2000008c   Section       24  heap_4.o(.data)
    pxEnd                                    0x2000008c   Data           4  heap_4.o(.data)
    xFreeBytesRemaining                      0x20000090   Data           4  heap_4.o(.data)
    xMinimumEverFreeBytesRemaining           0x20000094   Data           4  heap_4.o(.data)
    xBlockAllocatedBit                       0x20000098   Data           4  heap_4.o(.data)
    xStart                                   0x2000009c   Data           8  heap_4.o(.data)
    .data                                    0x200000a4   Section       12  port.o(.data)
    ucMaxSysCallPriority                     0x200000a4   Data           1  port.o(.data)
    uxCriticalNesting                        0x200000a8   Data           4  port.o(.data)
    ulMaxPRIGROUPValue                       0x200000ac   Data           4  port.o(.data)
    .bss                                     0x200000b0   Section      128  modbus.o(.bss)
    .bss                                     0x20000130   Section     1072  main.o(.bss)
    .bss                                     0x20000560   Section       68  main.o(.bss)
    .bss                                     0x200005a4   Section       68  main.o(.bss)
    .bss                                     0x200005e8   Section       68  main.o(.bss)
    .bss                                     0x2000062c   Section       64  stm32f3xx_hal_timebase_tim.o(.bss)
    .bss                                     0x2000066c   Section       24  adc.o(.bss)
    .bss                                     0x20000684   Section       64  queue.o(.bss)
    .bss                                     0x200006c4   Section      200  tasks.o(.bss)
    pxReadyTasksLists                        0x200006c4   Data         140  tasks.o(.bss)
    xDelayedTaskList1                        0x20000750   Data          20  tasks.o(.bss)
    xDelayedTaskList2                        0x20000764   Data          20  tasks.o(.bss)
    xPendingReadyList                        0x20000778   Data          20  tasks.o(.bss)
    .bss                                     0x2000078c   Section       40  timers.o(.bss)
    xActiveTimerList1                        0x2000078c   Data          20  timers.o(.bss)
    xActiveTimerList2                        0x200007a0   Data          20  timers.o(.bss)
    .bss                                     0x200007b4   Section     4700  heap_4.o(.bss)
    ucHeap                                   0x200007b4   Data        4700  heap_4.o(.bss)
    STACK                                    0x20001a10   Section     2048  startup_stm32f334x8.o(STACK)

    Global Symbols

    Symbol Name                              Value     Ov Type        Size  Object(Section)

    BuildAttributes$$THM_ISAv4$E$P$D$K$B$S$7EM$VFPi3$EXTD16$VFPS$VFMA$PE$A:L22UL41UL21$X:L11$S22US41US21$IEEE1$IW$USESV6$~STKCKD$USESV7$~SHL$OSPACE$ROPI$EBA8$MICROLIB$REQ8$PRES8$EABIv2 0x00000000   Number         0  anon$$obj.o ABSOLUTE
    __ARM_use_no_argv                        0x00000000   Number         0  main.o ABSOLUTE
    __cpp_initialize__aeabi_                  - Undefined Weak Reference
    __cxa_finalize                            - Undefined Weak Reference
    __decompress                              - Undefined Weak Reference
    _clock_init                               - Undefined Weak Reference
    _microlib_exit                            - Undefined Weak Reference
    __Vectors_Size                           0x00000188   Number         0  startup_stm32f334x8.o ABSOLUTE
    __Vectors                                0x08000000   Data           4  startup_stm32f334x8.o(RESET)
    __Vectors_End                            0x08000188   Data           0  startup_stm32f334x8.o(RESET)
    __main                                   0x08000189   Thumb Code     0  entry.o(.ARM.Collect$$$$00000000)
    _main_stk                                0x08000189   Thumb Code     0  entry2.o(.ARM.Collect$$$$00000001)
    _main_scatterload                        0x0800018d   Thumb Code     0  entry5.o(.ARM.Collect$$$$00000004)
    __main_after_scatterload                 0x08000191   Thumb Code     0  entry5.o(.ARM.Collect$$$$00000004)
    _main_clock                              0x08000191   Thumb Code     0  entry7b.o(.ARM.Collect$$$$00000008)
    _main_cpp_init                           0x08000191   Thumb Code     0  entry8b.o(.ARM.Collect$$$$0000000A)
    _main_init                               0x08000191   Thumb Code     0  entry9a.o(.ARM.Collect$$$$0000000B)
    __rt_final_cpp                           0x08000199   Thumb Code     0  entry10a.o(.ARM.Collect$$$$0000000D)
    __rt_final_exit                          0x08000199   Thumb Code     0  entry11a.o(.ARM.Collect$$$$0000000F)
    SVC_Handler                              0x0800019d   Thumb Code    28  port.o(.emb_text)
    __asm___6_port_c_39a90d8d__prvStartFirstTask 0x080001bd   Thumb Code    28  port.o(.emb_text)
    __asm___6_port_c_39a90d8d__prvEnableVFP  0x080001dd   Thumb Code    16  port.o(.emb_text)
    PendSV_Handler                           0x080001f1   Thumb Code    92  port.o(.emb_text)
    vPortGetIPSR                             0x08000251   Thumb Code     6  port.o(.emb_text)
    Reset_Handler                            0x08000259   Thumb Code     8  startup_stm32f334x8.o(.text)
    ADC1_2_IRQHandler                        0x08000273   Thumb Code     0  startup_stm32f334x8.o(.text)
    CAN_RX0_IRQHandler                       0x08000273   Thumb Code     0  startup_stm32f334x8.o(.text)
    CAN_RX1_IRQHandler                       0x08000273   Thumb Code     0  startup_stm32f334x8.o(.text)
    CAN_SCE_IRQHandler                       0x08000273   Thumb Code     0  startup_stm32f334x8.o(.text)
    CAN_TX_IRQHandler                        0x08000273   Thumb Code     0  startup_stm32f334x8.o(.text)
    COMP2_IRQHandler                         0x08000273   Thumb Code     0  startup_stm32f334x8.o(.text)
    COMP4_6_IRQHandler                       0x08000273   Thumb Code     0  startup_stm32f334x8.o(.text)
    DMA1_Channel2_IRQHandler                 0x08000273   Thumb Code     0  startup_stm32f334x8.o(.text)
    DMA1_Channel3_IRQHandler                 0x08000273   Thumb Code     0  startup_stm32f334x8.o(.text)
    DMA1_Channel6_IRQHandler                 0x08000273   Thumb Code     0  startup_stm32f334x8.o(.text)
    DMA1_Channel7_IRQHandler                 0x08000273   Thumb Code     0  startup_stm32f334x8.o(.text)
    EXTI0_IRQHandler                         0x08000273   Thumb Code     0  startup_stm32f334x8.o(.text)
    EXTI15_10_IRQHandler                     0x08000273   Thumb Code     0  startup_stm32f334x8.o(.text)
    EXTI1_IRQHandler                         0x08000273   Thumb Code     0  startup_stm32f334x8.o(.text)
    EXTI2_TSC_IRQHandler                     0x08000273   Thumb Code     0  startup_stm32f334x8.o(.text)
    EXTI3_IRQHandler                         0x08000273   Thumb Code     0  startup_stm32f334x8.o(.text)
    EXTI4_IRQHandler                         0x08000273   Thumb Code     0  startup_stm32f334x8.o(.text)
    EXTI9_5_IRQHandler                       0x08000273   Thumb Code     0  startup_stm32f334x8.o(.text)
    FLASH_IRQHandler                         0x08000273   Thumb Code     0  startup_stm32f334x8.o(.text)
    FPU_IRQHandler                           0x08000273   Thumb Code     0  startup_stm32f334x8.o(.text)
    HRTIM1_FLT_IRQHandler                    0x08000273   Thumb Code     0  startup_stm32f334x8.o(.text)
    HRTIM1_Master_IRQHandler                 0x08000273   Thumb Code     0  startup_stm32f334x8.o(.text)
    HRTIM1_TIMA_IRQHandler                   0x08000273   Thumb Code     0  startup_stm32f334x8.o(.text)
    HRTIM1_TIMB_IRQHandler                   0x08000273   Thumb Code     0  startup_stm32f334x8.o(.text)
    HRTIM1_TIMC_IRQHandler                   0x08000273   Thumb Code     0  startup_stm32f334x8.o(.text)
    HRTIM1_TIMD_IRQHandler                   0x08000273   Thumb Code     0  startup_stm32f334x8.o(.text)
    HRTIM1_TIME_IRQHandler                   0x08000273   Thumb Code     0  startup_stm32f334x8.o(.text)
    I2C1_ER_IRQHandler                       0x08000273   Thumb Code     0  startup_stm32f334x8.o(.text)
    I2C1_EV_IRQHandler                       0x08000273   Thumb Code     0  startup_stm32f334x8.o(.text)
    PVD_IRQHandler                           0x08000273   Thumb Code     0  startup_stm32f334x8.o(.text)
    RCC_IRQHandler                           0x08000273   Thumb Code     0  startup_stm32f334x8.o(.text)
    RTC_Alarm_IRQHandler                     0x08000273   Thumb Code     0  startup_stm32f334x8.o(.text)
    RTC_WKUP_IRQHandler                      0x08000273   Thumb Code     0  startup_stm32f334x8.o(.text)
    SPI1_IRQHandler                          0x08000273   Thumb Code     0  startup_stm32f334x8.o(.text)
    TAMP_STAMP_IRQHandler                    0x08000273   Thumb Code     0  startup_stm32f334x8.o(.text)
    TIM1_BRK_TIM15_IRQHandler                0x08000273   Thumb Code     0  startup_stm32f334x8.o(.text)
    TIM1_CC_IRQHandler                       0x08000273   Thumb Code     0  startup_stm32f334x8.o(.text)
    TIM1_TRG_COM_TIM17_IRQHandler            0x08000273   Thumb Code     0  startup_stm32f334x8.o(.text)
    TIM2_IRQHandler                          0x08000273   Thumb Code     0  startup_stm32f334x8.o(.text)
    TIM3_IRQHandler                          0x08000273   Thumb Code     0  startup_stm32f334x8.o(.text)
    TIM6_DAC1_IRQHandler                     0x08000273   Thumb Code     0  startup_stm32f334x8.o(.text)
    TIM7_DAC2_IRQHandler                     0x08000273   Thumb Code     0  startup_stm32f334x8.o(.text)
    USART1_IRQHandler                        0x08000273   Thumb Code     0  startup_stm32f334x8.o(.text)
    USART2_IRQHandler                        0x08000273   Thumb Code     0  startup_stm32f334x8.o(.text)
    USART3_IRQHandler                        0x08000273   Thumb Code     0  startup_stm32f334x8.o(.text)
    WWDG_IRQHandler                          0x08000273   Thumb Code     0  startup_stm32f334x8.o(.text)
    __aeabi_memcpy                           0x0800027d   Thumb Code    36  memcpya.o(.text)
    __aeabi_memcpy4                          0x0800027d   Thumb Code     0  memcpya.o(.text)
    __aeabi_memcpy8                          0x0800027d   Thumb Code     0  memcpya.o(.text)
    __aeabi_memset                           0x080002a1   Thumb Code    14  memseta.o(.text)
    __aeabi_memset4                          0x080002a1   Thumb Code     0  memseta.o(.text)
    __aeabi_memset8                          0x080002a1   Thumb Code     0  memseta.o(.text)
    __aeabi_memclr                           0x080002af   Thumb Code     4  memseta.o(.text)
    __aeabi_memclr4                          0x080002af   Thumb Code     0  memseta.o(.text)
    __aeabi_memclr8                          0x080002af   Thumb Code     0  memseta.o(.text)
    _memset$wrapper                          0x080002b3   Thumb Code    18  memseta.o(.text)
    __scatterload                            0x080002c5   Thumb Code    28  init.o(.text)
    __scatterload_rt2                        0x080002c5   Thumb Code     0  init.o(.text)
    BusFault_Handler                         0x0800040d   Thumb Code     2  stm32f3xx_it.o(i.BusFault_Handler)
    Check_Modbus                             0x0800040f   Thumb Code     4  main.o(i.Check_Modbus)
    DAC_Task                                 0x08000413   Thumb Code    14  main.o(i.DAC_Task)
    DMA1_Channel1_IRQHandler                 0x08000421   Thumb Code     6  stm32f3xx_it.o(i.DMA1_Channel1_IRQHandler)
    DMA1_Channel4_IRQHandler                 0x0800042d   Thumb Code    18  stm32f3xx_it.o(i.DMA1_Channel4_IRQHandler)
    DMA1_Channel5_IRQHandler                 0x08000445   Thumb Code     6  stm32f3xx_it.o(i.DMA1_Channel5_IRQHandler)
    DebugMon_Handler                         0x0800049b   Thumb Code     2  stm32f3xx_it.o(i.DebugMon_Handler)
    Error_Handler                            0x0800049d   Thumb Code     2  main.o(i.Error_Handler)
    Get_Buff                                 0x080004a1   Thumb Code    44  urat.o(i.Get_Buff)
    HAL_ADCEx_MultiModeConfigChannel         0x080004d9   Thumb Code   212  stm32f3xx_hal_adc_ex.o(i.HAL_ADCEx_MultiModeConfigChannel)
    HAL_ADC_ConfigChannel                    0x080005b5   Thumb Code   828  stm32f3xx_hal_adc_ex.o(i.HAL_ADC_ConfigChannel)
    HAL_ADC_ConvCpltCallback                 0x08000905   Thumb Code    38  adc.o(i.HAL_ADC_ConvCpltCallback)
    HAL_ADC_ConvHalfCpltCallback             0x08000939   Thumb Code     2  stm32f3xx_hal_adc.o(i.HAL_ADC_ConvHalfCpltCallback)
    HAL_ADC_ErrorCallback                    0x0800093b   Thumb Code     2  stm32f3xx_hal_adc.o(i.HAL_ADC_ErrorCallback)
    HAL_ADC_Init                             0x0800093d   Thumb Code   456  stm32f3xx_hal_adc_ex.o(i.HAL_ADC_Init)
    HAL_ADC_MspInit                          0x08000b1d   Thumb Code   128  stm32f3xx_hal_msp.o(i.HAL_ADC_MspInit)
    HAL_ADC_Start_DMA                        0x08000ba9   Thumb Code   246  stm32f3xx_hal_adc_ex.o(i.HAL_ADC_Start_DMA)
    HAL_CRCEx_Polynomial_Set                 0x08000cb1   Thumb Code    74  stm32f3xx_hal_crc_ex.o(i.HAL_CRCEx_Polynomial_Set)
    HAL_CRC_Init                             0x08000cfd   Thumb Code   112  stm32f3xx_hal_crc.o(i.HAL_CRC_Init)
    HAL_CRC_MspInit                          0x08000d71   Thumb Code    30  stm32f3xx_hal_msp.o(i.HAL_CRC_MspInit)
    HAL_DAC_ConfigChannel                    0x08000d99   Thumb Code    82  stm32f3xx_hal_dac_ex.o(i.HAL_DAC_ConfigChannel)
    HAL_DAC_Init                             0x08000df1   Thumb Code    40  stm32f3xx_hal_dac.o(i.HAL_DAC_Init)
    HAL_DAC_MspInit                          0x08000e19   Thumb Code   124  stm32f3xx_hal_msp.o(i.HAL_DAC_MspInit)
    HAL_DAC_SetValue                         0x08000ea1   Thumb Code    26  stm32f3xx_hal_dac_ex.o(i.HAL_DAC_SetValue)
    HAL_DAC_Start                            0x08000ebb   Thumb Code    84  stm32f3xx_hal_dac_ex.o(i.HAL_DAC_Start)
    HAL_DMA_IRQHandler                       0x08000f0f   Thumb Code   168  stm32f3xx_hal_dma.o(i.HAL_DMA_IRQHandler)
    HAL_DMA_Init                             0x08000fb7   Thumb Code    78  stm32f3xx_hal_dma.o(i.HAL_DMA_Init)
    HAL_DMA_Start_IT                         0x08001005   Thumb Code   112  stm32f3xx_hal_dma.o(i.HAL_DMA_Start_IT)
    HAL_GPIO_Init                            0x08001075   Thumb Code   358  stm32f3xx_hal_gpio.o(i.HAL_GPIO_Init)
    HAL_GPIO_WritePin                        0x080011f5   Thumb Code    10  stm32f3xx_hal_gpio.o(i.HAL_GPIO_WritePin)
    HAL_GetTick                              0x08001201   Thumb Code     6  stm32f3xx_hal.o(i.HAL_GetTick)
    HAL_IncTick                              0x0800120d   Thumb Code    12  stm32f3xx_hal.o(i.HAL_IncTick)
    HAL_Init                                 0x0800121d   Thumb Code    32  stm32f3xx_hal.o(i.HAL_Init)
    HAL_InitTick                             0x08001241   Thumb Code    98  stm32f3xx_hal_timebase_tim.o(i.HAL_InitTick)
    HAL_MspInit                              0x080012b5   Thumb Code    48  stm32f3xx_hal_msp.o(i.HAL_MspInit)
    HAL_NVIC_EnableIRQ                       0x080012e9   Thumb Code    22  stm32f3xx_hal_cortex.o(i.HAL_NVIC_EnableIRQ)
    HAL_NVIC_SetPriority                     0x08001301   Thumb Code    60  stm32f3xx_hal_cortex.o(i.HAL_NVIC_SetPriority)
    HAL_NVIC_SetPriorityGrouping             0x08001341   Thumb Code    26  stm32f3xx_hal_cortex.o(i.HAL_NVIC_SetPriorityGrouping)
    HAL_RCCEx_PeriphCLKConfig                0x08001365   Thumb Code   378  stm32f3xx_hal_rcc_ex.o(i.HAL_RCCEx_PeriphCLKConfig)
    HAL_RCC_ClockConfig                      0x080014ed   Thumb Code   306  stm32f3xx_hal_rcc.o(i.HAL_RCC_ClockConfig)
    HAL_RCC_GetClockConfig                   0x08001631   Thumb Code    54  stm32f3xx_hal_rcc.o(i.HAL_RCC_GetClockConfig)
    HAL_RCC_GetPCLK1Freq                     0x08001671   Thumb Code    34  stm32f3xx_hal_rcc.o(i.HAL_RCC_GetPCLK1Freq)
    HAL_RCC_GetPCLK2Freq                     0x080016a1   Thumb Code    34  stm32f3xx_hal_rcc.o(i.HAL_RCC_GetPCLK2Freq)
    HAL_RCC_GetSysClockFreq                  0x080016d1   Thumb Code    84  stm32f3xx_hal_rcc.o(i.HAL_RCC_GetSysClockFreq)
    HAL_RCC_OscConfig                        0x08001735   Thumb Code  1424  stm32f3xx_hal_rcc.o(i.HAL_RCC_OscConfig)
    HAL_TIMEx_Break2Callback                 0x08001cc5   Thumb Code     2  stm32f3xx_hal_tim_ex.o(i.HAL_TIMEx_Break2Callback)
    HAL_TIMEx_BreakCallback                  0x08001cc7   Thumb Code     2  stm32f3xx_hal_tim_ex.o(i.HAL_TIMEx_BreakCallback)
    HAL_TIMEx_CommutationCallback            0x08001cc9   Thumb Code     2  stm32f3xx_hal_tim_ex.o(i.HAL_TIMEx_CommutationCallback)
    HAL_TIMEx_MasterConfigSynchronization    0x08001ccd   Thumb Code    72  stm32f3xx_hal_tim_ex.o(i.HAL_TIMEx_MasterConfigSynchronization)
    HAL_TIM_Base_Init                        0x08001d19   Thumb Code    54  stm32f3xx_hal_tim.o(i.HAL_TIM_Base_Init)
    HAL_TIM_Base_MspInit                     0x08001d51   Thumb Code    74  stm32f3xx_hal_msp.o(i.HAL_TIM_Base_MspInit)
    HAL_TIM_Base_Start                       0x08001da9   Thumb Code    26  stm32f3xx_hal_tim.o(i.HAL_TIM_Base_Start)
    HAL_TIM_Base_Start_IT                    0x08001dc3   Thumb Code    24  stm32f3xx_hal_tim.o(i.HAL_TIM_Base_Start_IT)
    HAL_TIM_Base_Stop_IT                     0x08001ddb   Thumb Code    42  stm32f3xx_hal_tim.o(i.HAL_TIM_Base_Stop_IT)
    HAL_TIM_ConfigClockSource                0x08001e05   Thumb Code   246  stm32f3xx_hal_tim.o(i.HAL_TIM_ConfigClockSource)
    HAL_TIM_IC_CaptureCallback               0x08001f01   Thumb Code     2  stm32f3xx_hal_tim.o(i.HAL_TIM_IC_CaptureCallback)
    HAL_TIM_IRQHandler                       0x08001f03   Thumb Code   388  stm32f3xx_hal_tim.o(i.HAL_TIM_IRQHandler)
    HAL_TIM_OC_DelayElapsedCallback          0x08002087   Thumb Code     2  stm32f3xx_hal_tim.o(i.HAL_TIM_OC_DelayElapsedCallback)
    HAL_TIM_PWM_PulseFinishedCallback        0x08002089   Thumb Code     2  stm32f3xx_hal_tim.o(i.HAL_TIM_PWM_PulseFinishedCallback)
    HAL_TIM_PeriodElapsedCallback            0x0800208d   Thumb Code    14  main.o(i.HAL_TIM_PeriodElapsedCallback)
    HAL_TIM_TriggerCallback                  0x080020a1   Thumb Code     2  stm32f3xx_hal_tim.o(i.HAL_TIM_TriggerCallback)
    HAL_UART_ErrorCallback                   0x080020a3   Thumb Code     2  stm32f3xx_hal_uart.o(i.HAL_UART_ErrorCallback)
    HAL_UART_Init                            0x080020a5   Thumb Code   106  stm32f3xx_hal_uart.o(i.HAL_UART_Init)
    HAL_UART_MspInit                         0x08002111   Thumb Code   168  stm32f3xx_hal_msp.o(i.HAL_UART_MspInit)
    HAL_UART_Receive_DMA                     0x080021cd   Thumb Code   132  stm32f3xx_hal_uart.o(i.HAL_UART_Receive_DMA)
    HAL_UART_RxCpltCallback                  0x0800225d   Thumb Code     2  urat.o(i.HAL_UART_RxCpltCallback)
    HAL_UART_RxHalfCpltCallback              0x0800225f   Thumb Code     2  stm32f3xx_hal_uart.o(i.HAL_UART_RxHalfCpltCallback)
    HAL_UART_Transmit_DMA                    0x08002261   Thumb Code   122  stm32f3xx_hal_uart.o(i.HAL_UART_Transmit_DMA)
    HAL_UART_TxCpltCallback                  0x080022e9   Thumb Code     2  urat.o(i.HAL_UART_TxCpltCallback)
    HAL_UART_TxHalfCpltCallback              0x080022eb   Thumb Code     2  stm32f3xx_hal_uart.o(i.HAL_UART_TxHalfCpltCallback)
    HardFault_Handler                        0x080022ed   Thumb Code     2  stm32f3xx_it.o(i.HardFault_Handler)
    MODBUS_Ansy                              0x080022ef   Thumb Code    22  modbus.o(i.MODBUS_Ansy)
    MODBUS_Ansy_Data                         0x08002305   Thumb Code    84  modbus.o(i.MODBUS_Ansy_Data)
    MemManage_Handler                        0x080025b5   Thumb Code     2  stm32f3xx_it.o(i.MemManage_Handler)
    Modbus_CRC16                             0x080025b9   Thumb Code    40  modbus_crc.o(i.Modbus_CRC16)
    Modbus_Func3                             0x080025e5   Thumb Code   108  modbus.o(i.Modbus_Func3)
    Modbus_Func6                             0x08002659   Thumb Code    74  modbus.o(i.Modbus_Func6)
    NMI_Handler                              0x080026ad   Thumb Code     2  stm32f3xx_it.o(i.NMI_Handler)
    Receive_Changed                          0x080026d1   Thumb Code    24  urat.o(i.Receive_Changed)
    Send_Bytes                               0x080026f1   Thumb Code    22  urat.o(i.Send_Bytes)
    Set_DAC                                  0x0800270d   Thumb Code   150  wavefrom.o(i.Set_DAC)
    StartDefaultTask                         0x080027b9   Thumb Code   188  main.o(i.StartDefaultTask)
    StartTask_SelfTest                       0x08002885   Thumb Code     8  main.o(i.StartTask_SelfTest)
    StartTask_Uart                           0x0800288d   Thumb Code    40  main.o(i.StartTask_Uart)
    SysTick_Handler                          0x080028bd   Thumb Code    38  port.o(i.SysTick_Handler)
    SystemClock_Config                       0x080028e9   Thumb Code    96  main.o(i.SystemClock_Config)
    SystemInit                               0x08002949   Thumb Code    82  system_stm32f3xx.o(i.SystemInit)
    TIM1_UP_TIM16_IRQHandler                 0x080029b1   Thumb Code     6  stm32f3xx_it.o(i.TIM1_UP_TIM16_IRQHandler)
    TIM_Base_SetConfig                       0x080029bd   Thumb Code   114  stm32f3xx_hal_tim.o(i.TIM_Base_SetConfig)
    TIM_ETR_SetConfig                        0x08002a45   Thumb Code    20  stm32f3xx_hal_tim.o(i.TIM_ETR_SetConfig)
    UART_AdvFeatureConfig                    0x08002aaf   Thumb Code   200  stm32f3xx_hal_uart.o(i.UART_AdvFeatureConfig)
    UART_CheckIdleState                      0x08002b77   Thumb Code    92  stm32f3xx_hal_uart.o(i.UART_CheckIdleState)
    UART_SetConfig                           0x08002ccd   Thumb Code   302  stm32f3xx_hal_uart.o(i.UART_SetConfig)
    UART_WaitOnFlagUntilTimeout              0x08002e19   Thumb Code   100  stm32f3xx_hal_uart.o(i.UART_WaitOnFlagUntilTimeout)
    UsageFault_Handler                       0x08002e7d   Thumb Code     2  stm32f3xx_it.o(i.UsageFault_Handler)
    __scatterload_copy                       0x08002e7f   Thumb Code    14  handlers.o(i.__scatterload_copy)
    __scatterload_null                       0x08002e8d   Thumb Code     2  handlers.o(i.__scatterload_null)
    __scatterload_zeroinit                   0x08002e8f   Thumb Code    14  handlers.o(i.__scatterload_zeroinit)
    main                                     0x08002ea9   Thumb Code   356  main.o(i.main)
    osDelay                                  0x08003039   Thumb Code    14  cmsis_os.o(i.osDelay)
    osKernelStart                            0x08003047   Thumb Code    10  cmsis_os.o(i.osKernelStart)
    osThreadCreate                           0x08003051   Thumb Code    46  cmsis_os.o(i.osThreadCreate)
    osTimerCreate                            0x08003081   Thumb Code    30  cmsis_os.o(i.osTimerCreate)
    osTimerStart                             0x080030a5   Thumb Code    88  cmsis_os.o(i.osTimerStart)
    osTimerStop                              0x08003101   Thumb Code    82  cmsis_os.o(i.osTimerStop)
    pvPortMalloc                             0x080037a9   Thumb Code   210  heap_4.o(i.pvPortMalloc)
    pxPortInitialiseStack                    0x08003881   Thumb Code    40  port.o(i.pxPortInitialiseStack)
    uxListRemove                             0x080038ad   Thumb Code    36  list.o(i.uxListRemove)
    vListInitialise                          0x080038d1   Thumb Code    22  list.o(i.vListInitialise)
    vListInitialiseItem                      0x080038e7   Thumb Code     6  list.o(i.vListInitialiseItem)
    vListInsert                              0x080038ed   Thumb Code    48  list.o(i.vListInsert)
    vListInsertEnd                           0x0800391d   Thumb Code    24  list.o(i.vListInsertEnd)
    vPortEnterCritical                       0x08003935   Thumb Code    54  port.o(i.vPortEnterCritical)
    vPortExitCritical                        0x08003975   Thumb Code    34  port.o(i.vPortExitCritical)
    vPortFree                                0x0800399d   Thumb Code    88  heap_4.o(i.vPortFree)
    vPortSetupTimerInterrupt                 0x080039f9   Thumb Code    26  port.o(i.vPortSetupTimerInterrupt)
    vPortValidateInterruptPriority           0x08003a19   Thumb Code    74  port.o(i.vPortValidateInterruptPriority)
    vQueueAddToRegistry                      0x08003a6d   Thumb Code    34  queue.o(i.vQueueAddToRegistry)
    vQueueWaitForMessageRestricted           0x08003a95   Thumb Code    68  queue.o(i.vQueueWaitForMessageRestricted)
    vTaskDelay                               0x08003ad9   Thumb Code    66  tasks.o(i.vTaskDelay)
    vTaskMissedYield                         0x08003b25   Thumb Code     8  tasks.o(i.vTaskMissedYield)
    vTaskPlaceOnEventList                    0x08003b31   Thumb Code    44  tasks.o(i.vTaskPlaceOnEventList)
    vTaskPlaceOnEventListRestricted          0x08003b61   Thumb Code    52  tasks.o(i.vTaskPlaceOnEventListRestricted)
    vTaskSetTimeOutState                     0x08003b99   Thumb Code    30  tasks.o(i.vTaskSetTimeOutState)
    vTaskStartScheduler                      0x08003bbd   Thumb Code    94  tasks.o(i.vTaskStartScheduler)
    vTaskSuspendAll                          0x08003c2d   Thumb Code    10  tasks.o(i.vTaskSuspendAll)
    vTaskSwitchContext                       0x08003c3d   Thumb Code    82  tasks.o(i.vTaskSwitchContext)
    xPortStartScheduler                      0x08003c99   Thumb Code   202  port.o(i.xPortStartScheduler)
    xQueueGenericCreate                      0x08003d79   Thumb Code    72  queue.o(i.xQueueGenericCreate)
    xQueueGenericReceive                     0x08003dc1   Thumb Code   332  queue.o(i.xQueueGenericReceive)
    xQueueGenericReset                       0x08003f11   Thumb Code   132  queue.o(i.xQueueGenericReset)
    xQueueGenericSend                        0x08003f99   Thumb Code   346  queue.o(i.xQueueGenericSend)
    xQueueGenericSendFromISR                 0x080040f9   Thumb Code   188  queue.o(i.xQueueGenericSendFromISR)
    xTaskCheckForTimeOut                     0x080041b5   Thumb Code    98  tasks.o(i.xTaskCheckForTimeOut)
    xTaskCreate                              0x0800421d   Thumb Code    86  tasks.o(i.xTaskCreate)
    xTaskGetSchedulerState                   0x08004275   Thumb Code    22  tasks.o(i.xTaskGetSchedulerState)
    xTaskGetTickCount                        0x08004291   Thumb Code     6  tasks.o(i.xTaskGetTickCount)
    xTaskIncrementTick                       0x0800429d   Thumb Code   192  tasks.o(i.xTaskIncrementTick)
    xTaskRemoveFromEventList                 0x08004365   Thumb Code   108  tasks.o(i.xTaskRemoveFromEventList)
    xTaskResumeAll                           0x080043d9   Thumb Code   182  tasks.o(i.xTaskResumeAll)
    xTimerCreate                             0x0800449d   Thumb Code    78  timers.o(i.xTimerCreate)
    xTimerCreateTimerTask                    0x080044ed   Thumb Code    56  timers.o(i.xTimerCreateTimerTask)
    xTimerGenericCommand                     0x08004535   Thumb Code    92  timers.o(i.xTimerGenericCommand)
    auchCRCHi                                0x08004594   Data         256  modbus_crc.o(.constdata)
    auchCRCLo                                0x08004694   Data         256  modbus_crc.o(.constdata)
    aPLLMULFactorTable                       0x080047e8   Data          16  stm32f3xx_hal_rcc.o(.constdata)
    aPredivFactorTable                       0x080047f8   Data          16  stm32f3xx_hal_rcc.o(.constdata)
    AHBPrescTable                            0x08004808   Data          16  system_stm32f3xx.o(.constdata)
    APBPrescTable                            0x08004818   Data           8  system_stm32f3xx.o(.constdata)
    Region$$Table$$Base                      0x08004850   Number         0  anon$$obj.o(Region$$Table)
    Region$$Table$$Limit                     0x08004870   Number         0  anon$$obj.o(Region$$Table)
    myadd                                    0x20000000   Data           1  modbus.o(.data)
    Test_D1                                  0x20000004   Data           4  main.o(.data)
    Test_D2                                  0x20000008   Data           4  main.o(.data)
    defaultTaskHandle                        0x2000000c   Data           4  main.o(.data)
    myTask02Handle                           0x20000010   Data           4  main.o(.data)
    myTask03Handle                           0x20000014   Data           4  main.o(.data)
    myTask04Handle                           0x20000018   Data           4  main.o(.data)
    myTimer03Handle                          0x2000001c   Data           4  main.o(.data)
    adcx                                     0x20000020   Data           2  adc.o(.data)
    mSTick                                   0x20000024   Data           2  urat.o(.data)
    Read_Index                               0x20000028   Data           4  urat.o(.data)
    uwTickFreq                               0x20000030   Data           1  stm32f3xx_hal.o(.data)
    uwTickPrio                               0x20000034   Data           4  stm32f3xx_hal.o(.data)
    uwTick                                   0x20000038   Data           4  stm32f3xx_hal.o(.data)
    SystemCoreClock                          0x2000003c   Data           4  system_stm32f3xx.o(.data)
    pxCurrentTCB                             0x20000040   Data           4  tasks.o(.data)
    Reg                                      0x200000b0   Data          64  modbus.o(.bss)
    sendbuf                                  0x200000f0   Data          64  modbus.o(.bss)
    hadc1                                    0x20000130   Data          84  main.o(.bss)
    hcrc                                     0x20000184   Data          36  main.o(.bss)
    hdac1                                    0x200001a8   Data          20  main.o(.bss)
    hdac2                                    0x200001bc   Data          20  main.o(.bss)
    htim2                                    0x200001d0   Data          64  main.o(.bss)
    htim3                                    0x20000210   Data          64  main.o(.bss)
    htim6                                    0x20000250   Data          64  main.o(.bss)
    huart1                                   0x20000290   Data         112  main.o(.bss)
    Rxbuff                                   0x20000300   Data         128  main.o(.bss)
    adcbuf                                   0x20000380   Data         480  main.o(.bss)
    hdma_adc1                                0x20000560   Data          68  main.o(.bss)
    hdma_usart1_rx                           0x200005a4   Data          68  main.o(.bss)
    hdma_usart1_tx                           0x200005e8   Data          68  main.o(.bss)
    htim1                                    0x2000062c   Data          64  stm32f3xx_hal_timebase_tim.o(.bss)
    CHek_ADC                                 0x2000066c   Data          24  adc.o(.bss)
    xQueueRegistry                           0x20000684   Data          64  queue.o(.bss)
    __initial_sp                             0x20002210   Data           0  startup_stm32f334x8.o(STACK)



==============================================================================

Memory Map of the image

  Image Entry point : 0x08000189

  Load Region LR_IROM1 (Base: 0x08000000, Size: 0x00004920, Max: 0x00008000, ABSOLUTE)

    Execution Region ER_IROM1 (Base: 0x08000000, Size: 0x00004870, Max: 0x00008000, ABSOLUTE)

    Base Addr    Size         Type   Attr      Idx    E Section Name        Object

    0x08000000   0x00000188   Data   RO            3    RESET               startup_stm32f334x8.o
    0x08000188   0x00000000   Code   RO         5507  * .ARM.Collect$$$$00000000  mc_w.l(entry.o)
    0x08000188   0x00000004   Code   RO         5530    .ARM.Collect$$$$00000001  mc_w.l(entry2.o)
    0x0800018c   0x00000004   Code   RO         5533    .ARM.Collect$$$$00000004  mc_w.l(entry5.o)
    0x08000190   0x00000000   Code   RO         5535    .ARM.Collect$$$$00000008  mc_w.l(entry7b.o)
    0x08000190   0x00000000   Code   RO         5537    .ARM.Collect$$$$0000000A  mc_w.l(entry8b.o)
    0x08000190   0x00000008   Code   RO         5538    .ARM.Collect$$$$0000000B  mc_w.l(entry9a.o)
    0x08000198   0x00000000   Code   RO         5540    .ARM.Collect$$$$0000000D  mc_w.l(entry10a.o)
    0x08000198   0x00000000   Code   RO         5542    .ARM.Collect$$$$0000000F  mc_w.l(entry11a.o)
    0x08000198   0x00000004   Code   RO         5531    .ARM.Collect$$$$00002712  mc_w.l(entry2.o)
    0x0800019c   0x000000ba   Code   RO         5430    .emb_text           port.o
    0x08000256   0x00000002   PAD
    0x08000258   0x00000024   Code   RO            4    .text               startup_stm32f334x8.o
    0x0800027c   0x00000024   Code   RO         5512    .text               mc_w.l(memcpya.o)
    0x080002a0   0x00000024   Code   RO         5514    .text               mc_w.l(memseta.o)
    0x080002c4   0x00000024   Code   RO         5551    .text               mc_w.l(init.o)
    0x080002e8   0x00000044   Code   RO          995    i.ADC_DMAConvCplt   stm32f3xx_hal_adc_ex.o
    0x0800032c   0x00000016   Code   RO          996    i.ADC_DMAError      stm32f3xx_hal_adc_ex.o
    0x08000342   0x00000006   Code   RO          997    i.ADC_DMAHalfConvCplt  stm32f3xx_hal_adc_ex.o
    0x08000348   0x00000062   Code   RO          998    i.ADC_Disable       stm32f3xx_hal_adc_ex.o
    0x080003aa   0x00000002   PAD
    0x080003ac   0x00000060   Code   RO          999    i.ADC_Enable        stm32f3xx_hal_adc_ex.o
    0x0800040c   0x00000002   Code   RO          542    i.BusFault_Handler  stm32f3xx_it.o
    0x0800040e   0x00000004   Code   RO          398    i.Check_Modbus      main.o
    0x08000412   0x0000000e   Code   RO          399    i.DAC_Task          main.o
    0x08000420   0x0000000c   Code   RO          543    i.DMA1_Channel1_IRQHandler  stm32f3xx_it.o
    0x0800042c   0x00000018   Code   RO          544    i.DMA1_Channel4_IRQHandler  stm32f3xx_it.o
    0x08000444   0x0000000c   Code   RO          545    i.DMA1_Channel5_IRQHandler  stm32f3xx_it.o
    0x08000450   0x00000020   Code   RO         3348    i.DMA_CalcBaseAndBitshift  stm32f3xx_hal_dma.o
    0x08000470   0x0000002a   Code   RO         3349    i.DMA_SetConfig     stm32f3xx_hal_dma.o
    0x0800049a   0x00000002   Code   RO          546    i.DebugMon_Handler  stm32f3xx_it.o
    0x0800049c   0x00000002   Code   RO          400    i.Error_Handler     main.o
    0x0800049e   0x00000002   PAD
    0x080004a0   0x00000038   Code   RO          778    i.Get_Buff          urat.o
    0x080004d8   0x000000dc   Code   RO         1014    i.HAL_ADCEx_MultiModeConfigChannel  stm32f3xx_hal_adc_ex.o
    0x080005b4   0x00000350   Code   RO         1023    i.HAL_ADC_ConfigChannel  stm32f3xx_hal_adc_ex.o
    0x08000904   0x00000034   Code   RO          748    i.HAL_ADC_ConvCpltCallback  adc.o
    0x08000938   0x00000002   Code   RO          847    i.HAL_ADC_ConvHalfCpltCallback  stm32f3xx_hal_adc.o
    0x0800093a   0x00000002   Code   RO          849    i.HAL_ADC_ErrorCallback  stm32f3xx_hal_adc.o
    0x0800093c   0x000001e0   Code   RO         1027    i.HAL_ADC_Init      stm32f3xx_hal_adc_ex.o
    0x08000b1c   0x0000008c   Code   RO          625    i.HAL_ADC_MspInit   stm32f3xx_hal_msp.o
    0x08000ba8   0x00000108   Code   RO         1031    i.HAL_ADC_Start_DMA  stm32f3xx_hal_adc_ex.o
    0x08000cb0   0x0000004a   Code   RO         1330    i.HAL_CRCEx_Polynomial_Set  stm32f3xx_hal_crc_ex.o
    0x08000cfa   0x00000002   PAD
    0x08000cfc   0x00000074   Code   RO         1264    i.HAL_CRC_Init      stm32f3xx_hal_crc.o
    0x08000d70   0x00000028   Code   RO          627    i.HAL_CRC_MspInit   stm32f3xx_hal_msp.o
    0x08000d98   0x00000058   Code   RO         1504    i.HAL_DAC_ConfigChannel  stm32f3xx_hal_dac_ex.o
    0x08000df0   0x00000028   Code   RO         1375    i.HAL_DAC_Init      stm32f3xx_hal_dac.o
    0x08000e18   0x00000088   Code   RO          629    i.HAL_DAC_MspInit   stm32f3xx_hal_msp.o
    0x08000ea0   0x0000001a   Code   RO         1507    i.HAL_DAC_SetValue  stm32f3xx_hal_dac_ex.o
    0x08000eba   0x00000054   Code   RO         1508    i.HAL_DAC_Start     stm32f3xx_hal_dac_ex.o
    0x08000f0e   0x000000a8   Code   RO         3355    i.HAL_DMA_IRQHandler  stm32f3xx_hal_dma.o
    0x08000fb6   0x0000004e   Code   RO         3356    i.HAL_DMA_Init      stm32f3xx_hal_dma.o
    0x08001004   0x00000070   Code   RO         3360    i.HAL_DMA_Start_IT  stm32f3xx_hal_dma.o
    0x08001074   0x00000180   Code   RO         3285    i.HAL_GPIO_Init     stm32f3xx_hal_gpio.o
    0x080011f4   0x0000000a   Code   RO         3289    i.HAL_GPIO_WritePin  stm32f3xx_hal_gpio.o
    0x080011fe   0x00000002   PAD
    0x08001200   0x0000000c   Code   RO         2972    i.HAL_GetTick       stm32f3xx_hal.o
    0x0800120c   0x00000010   Code   RO         2978    i.HAL_IncTick       stm32f3xx_hal.o
    0x0800121c   0x00000024   Code   RO         2979    i.HAL_Init          stm32f3xx_hal.o
    0x08001240   0x00000074   Code   RO          709    i.HAL_InitTick      stm32f3xx_hal_timebase_tim.o
    0x080012b4   0x00000034   Code   RO          630    i.HAL_MspInit       stm32f3xx_hal_msp.o
    0x080012e8   0x00000016   Code   RO         3450    i.HAL_NVIC_EnableIRQ  stm32f3xx_hal_cortex.o
    0x080012fe   0x00000002   PAD
    0x08001300   0x00000040   Code   RO         3456    i.HAL_NVIC_SetPriority  stm32f3xx_hal_cortex.o
    0x08001340   0x00000024   Code   RO         3457    i.HAL_NVIC_SetPriorityGrouping  stm32f3xx_hal_cortex.o
    0x08001364   0x00000188   Code   RO         3242    i.HAL_RCCEx_PeriphCLKConfig  stm32f3xx_hal_rcc_ex.o
    0x080014ec   0x00000144   Code   RO         3136    i.HAL_RCC_ClockConfig  stm32f3xx_hal_rcc.o
    0x08001630   0x00000040   Code   RO         3140    i.HAL_RCC_GetClockConfig  stm32f3xx_hal_rcc.o
    0x08001670   0x00000030   Code   RO         3143    i.HAL_RCC_GetPCLK1Freq  stm32f3xx_hal_rcc.o
    0x080016a0   0x00000030   Code   RO         3144    i.HAL_RCC_GetPCLK2Freq  stm32f3xx_hal_rcc.o
    0x080016d0   0x00000064   Code   RO         3145    i.HAL_RCC_GetSysClockFreq  stm32f3xx_hal_rcc.o
    0x08001734   0x00000590   Code   RO         3148    i.HAL_RCC_OscConfig  stm32f3xx_hal_rcc.o
    0x08001cc4   0x00000002   Code   RO         2268    i.HAL_TIMEx_Break2Callback  stm32f3xx_hal_tim_ex.o
    0x08001cc6   0x00000002   Code   RO         2269    i.HAL_TIMEx_BreakCallback  stm32f3xx_hal_tim_ex.o
    0x08001cc8   0x00000002   Code   RO         2270    i.HAL_TIMEx_CommutationCallback  stm32f3xx_hal_tim_ex.o
    0x08001cca   0x00000002   PAD
    0x08001ccc   0x0000004c   Code   RO         2287    i.HAL_TIMEx_MasterConfigSynchronization  stm32f3xx_hal_tim_ex.o
    0x08001d18   0x00000036   Code   RO         1624    i.HAL_TIM_Base_Init  stm32f3xx_hal_tim.o
    0x08001d4e   0x00000002   PAD
    0x08001d50   0x00000058   Code   RO          632    i.HAL_TIM_Base_MspInit  stm32f3xx_hal_msp.o
    0x08001da8   0x0000001a   Code   RO         1627    i.HAL_TIM_Base_Start  stm32f3xx_hal_tim.o
    0x08001dc2   0x00000018   Code   RO         1629    i.HAL_TIM_Base_Start_IT  stm32f3xx_hal_tim.o
    0x08001dda   0x0000002a   Code   RO         1632    i.HAL_TIM_Base_Stop_IT  stm32f3xx_hal_tim.o
    0x08001e04   0x000000fc   Code   RO         1633    i.HAL_TIM_ConfigClockSource  stm32f3xx_hal_tim.o
    0x08001f00   0x00000002   Code   RO         1655    i.HAL_TIM_IC_CaptureCallback  stm32f3xx_hal_tim.o
    0x08001f02   0x00000184   Code   RO         1668    i.HAL_TIM_IRQHandler  stm32f3xx_hal_tim.o
    0x08002086   0x00000002   Code   RO         1671    i.HAL_TIM_OC_DelayElapsedCallback  stm32f3xx_hal_tim.o
    0x08002088   0x00000002   Code   RO         1698    i.HAL_TIM_PWM_PulseFinishedCallback  stm32f3xx_hal_tim.o
    0x0800208a   0x00000002   PAD
    0x0800208c   0x00000014   Code   RO          401    i.HAL_TIM_PeriodElapsedCallback  main.o
    0x080020a0   0x00000002   Code   RO         1709    i.HAL_TIM_TriggerCallback  stm32f3xx_hal_tim.o
    0x080020a2   0x00000002   Code   RO         2569    i.HAL_UART_ErrorCallback  stm32f3xx_hal_uart.o
    0x080020a4   0x0000006a   Code   RO         2573    i.HAL_UART_Init     stm32f3xx_hal_uart.o
    0x0800210e   0x00000002   PAD
    0x08002110   0x000000bc   Code   RO          634    i.HAL_UART_MspInit  stm32f3xx_hal_msp.o
    0x080021cc   0x00000090   Code   RO         2577    i.HAL_UART_Receive_DMA  stm32f3xx_hal_uart.o
    0x0800225c   0x00000002   Code   RO          779    i.HAL_UART_RxCpltCallback  urat.o
    0x0800225e   0x00000002   Code   RO         2580    i.HAL_UART_RxHalfCpltCallback  stm32f3xx_hal_uart.o
    0x08002260   0x00000088   Code   RO         2582    i.HAL_UART_Transmit_DMA  stm32f3xx_hal_uart.o
    0x080022e8   0x00000002   Code   RO          780    i.HAL_UART_TxCpltCallback  urat.o
    0x080022ea   0x00000002   Code   RO         2585    i.HAL_UART_TxHalfCpltCallback  stm32f3xx_hal_uart.o
    0x080022ec   0x00000002   Code   RO          547    i.HardFault_Handler  stm32f3xx_it.o
    0x080022ee   0x00000016   Code   RO           13    i.MODBUS_Ansy       modbus.o
    0x08002304   0x00000058   Code   RO           14    i.MODBUS_Ansy_Data  modbus.o
    0x0800235c   0x000000a4   Code   RO          402    i.MX_ADC1_Init      main.o
    0x08002400   0x000000dc   Code   RO          403    i.MX_GPIO_Init      main.o
    0x080024dc   0x00000054   Code   RO          404    i.MX_TIM2_Init      main.o
    0x08002530   0x00000058   Code   RO          405    i.MX_TIM3_Init      main.o
    0x08002588   0x0000002c   Code   RO          406    i.MX_USART1_UART_Init  main.o
    0x080025b4   0x00000002   Code   RO          548    i.MemManage_Handler  stm32f3xx_it.o
    0x080025b6   0x00000002   PAD
    0x080025b8   0x0000002c   Code   RO          178    i.Modbus_CRC16      modbus_crc.o
    0x080025e4   0x00000074   Code   RO           15    i.Modbus_Func3      modbus.o
    0x08002658   0x00000054   Code   RO           16    i.Modbus_Func6      modbus.o
    0x080026ac   0x00000002   Code   RO          549    i.NMI_Handler       stm32f3xx_it.o
    0x080026ae   0x00000020   Code   RO         3463    i.NVIC_SetPriority  stm32f3xx_hal_cortex.o
    0x080026ce   0x00000002   PAD
    0x080026d0   0x00000020   Code   RO          782    i.Receive_Changed   urat.o
    0x080026f0   0x0000001c   Code   RO          783    i.Send_Bytes        urat.o
    0x0800270c   0x000000ac   Code   RO          304    i.Set_DAC           wavefrom.o
    0x080027b8   0x000000cc   Code   RO          407    i.StartDefaultTask  main.o
    0x08002884   0x00000008   Code   RO          408    i.StartTask_SelfTest  main.o
    0x0800288c   0x00000030   Code   RO          409    i.StartTask_Uart    main.o
    0x080028bc   0x0000002c   Code   RO         5431    i.SysTick_Handler   port.o
    0x080028e8   0x00000060   Code   RO          410    i.SystemClock_Config  main.o
    0x08002948   0x00000068   Code   RO         4374    i.SystemInit        system_stm32f3xx.o
    0x080029b0   0x0000000c   Code   RO          550    i.TIM1_UP_TIM16_IRQHandler  stm32f3xx_it.o
    0x080029bc   0x00000088   Code   RO         1710    i.TIM_Base_SetConfig  stm32f3xx_hal_tim.o
    0x08002a44   0x00000014   Code   RO         1717    i.TIM_ETR_SetConfig  stm32f3xx_hal_tim.o
    0x08002a58   0x00000010   Code   RO         1718    i.TIM_ITRx_SetConfig  stm32f3xx_hal_tim.o
    0x08002a68   0x00000022   Code   RO         1724    i.TIM_TI1_ConfigInputStage  stm32f3xx_hal_tim.o
    0x08002a8a   0x00000024   Code   RO         1726    i.TIM_TI2_ConfigInputStage  stm32f3xx_hal_tim.o
    0x08002aae   0x000000c8   Code   RO         2586    i.UART_AdvFeatureConfig  stm32f3xx_hal_uart.o
    0x08002b76   0x0000005c   Code   RO         2587    i.UART_CheckIdleState  stm32f3xx_hal_uart.o
    0x08002bd2   0x0000004a   Code   RO         2589    i.UART_DMAError     stm32f3xx_hal_uart.o
    0x08002c1c   0x0000003e   Code   RO         2590    i.UART_DMAReceiveCplt  stm32f3xx_hal_uart.o
    0x08002c5a   0x0000000a   Code   RO         2592    i.UART_DMARxHalfCplt  stm32f3xx_hal_uart.o
    0x08002c64   0x00000030   Code   RO         2594    i.UART_DMATransmitCplt  stm32f3xx_hal_uart.o
    0x08002c94   0x0000000a   Code   RO         2596    i.UART_DMATxHalfCplt  stm32f3xx_hal_uart.o
    0x08002c9e   0x0000001c   Code   RO         2598    i.UART_EndRxTransfer  stm32f3xx_hal_uart.o
    0x08002cba   0x00000012   Code   RO         2600    i.UART_EndTxTransfer  stm32f3xx_hal_uart.o
    0x08002ccc   0x0000014c   Code   RO         2602    i.UART_SetConfig    stm32f3xx_hal_uart.o
    0x08002e18   0x00000064   Code   RO         2604    i.UART_WaitOnFlagUntilTimeout  stm32f3xx_hal_uart.o
    0x08002e7c   0x00000002   Code   RO          551    i.UsageFault_Handler  stm32f3xx_it.o
    0x08002e7e   0x0000000e   Code   RO         5555    i.__scatterload_copy  mc_w.l(handlers.o)
    0x08002e8c   0x00000002   Code   RO         5556    i.__scatterload_null  mc_w.l(handlers.o)
    0x08002e8e   0x0000000e   Code   RO         5557    i.__scatterload_zeroinit  mc_w.l(handlers.o)
    0x08002e9c   0x0000000c   Code   RO         5011    i.inHandlerMode     cmsis_os.o
    0x08002ea8   0x00000184   Code   RO          411    i.main              main.o
    0x0800302c   0x0000000c   Code   RO         5012    i.makeFreeRtosPriority  cmsis_os.o
    0x08003038   0x0000000e   Code   RO         5014    i.osDelay           cmsis_os.o
    0x08003046   0x0000000a   Code   RO         5017    i.osKernelStart     cmsis_os.o
    0x08003050   0x0000002e   Code   RO         5051    i.osThreadCreate    cmsis_os.o
    0x0800307e   0x00000002   PAD
    0x08003080   0x00000024   Code   RO         5062    i.osTimerCreate     cmsis_os.o
    0x080030a4   0x0000005c   Code   RO         5064    i.osTimerStart      cmsis_os.o
    0x08003100   0x00000058   Code   RO         5065    i.osTimerStop       cmsis_os.o
    0x08003158   0x00000050   Code   RO         4683    i.prvAddCurrentTaskToDelayedList  tasks.o
    0x080031a8   0x000000c0   Code   RO         4684    i.prvAddNewTaskToReadyList  tasks.o
    0x08003268   0x00000050   Code   RO         4894    i.prvCheckForValidListAndQueue  timers.o
    0x080032b8   0x00000026   Code   RO         4543    i.prvCopyDataFromQueue  queue.o
    0x080032de   0x0000005a   Code   RO         4544    i.prvCopyDataToQueue  queue.o
    0x08003338   0x00000048   Code   RO         5381    i.prvHeapInit       heap_4.o
    0x08003380   0x00000024   Code   RO         4685    i.prvIdleTask       tasks.o
    0x080033a4   0x0000008a   Code   RO         4686    i.prvInitialiseNewTask  tasks.o
    0x0800342e   0x00000002   PAD
    0x08003430   0x0000004c   Code   RO         5382    i.prvInsertBlockIntoFreeList  heap_4.o
    0x0800347c   0x00000038   Code   RO         4895    i.prvInsertTimerInActiveList  timers.o
    0x080034b4   0x0000001c   Code   RO         4545    i.prvIsQueueEmpty   queue.o
    0x080034d0   0x000000b8   Code   RO         4896    i.prvProcessReceivedCommands  timers.o
    0x08003588   0x000000b4   Code   RO         4897    i.prvProcessTimerOrBlockTask  timers.o
    0x0800363c   0x00000020   Code   RO         4687    i.prvResetNextTaskUnblockTime  tasks.o
    0x0800365c   0x00000028   Code   RO         4898    i.prvSampleTimeNow  timers.o
    0x08003684   0x0000006c   Code   RO         4899    i.prvSwitchTimerLists  timers.o
    0x080036f0   0x00000028   Code   RO         5432    i.prvTaskExitError  port.o
    0x08003718   0x00000024   Code   RO         4900    i.prvTimerTask      timers.o
    0x0800373c   0x0000006a   Code   RO         4546    i.prvUnlockQueue    queue.o
    0x080037a6   0x00000002   PAD
    0x080037a8   0x000000d8   Code   RO         5383    i.pvPortMalloc      heap_4.o
    0x08003880   0x0000002c   Code   RO         5433    i.pxPortInitialiseStack  port.o
    0x080038ac   0x00000024   Code   RO         4506    i.uxListRemove      list.o
    0x080038d0   0x00000016   Code   RO         4507    i.vListInitialise   list.o
    0x080038e6   0x00000006   Code   RO         4508    i.vListInitialiseItem  list.o
    0x080038ec   0x00000030   Code   RO         4509    i.vListInsert       list.o
    0x0800391c   0x00000018   Code   RO         4510    i.vListInsertEnd    list.o
    0x08003934   0x00000040   Code   RO         5435    i.vPortEnterCritical  port.o
    0x08003974   0x00000028   Code   RO         5436    i.vPortExitCritical  port.o
    0x0800399c   0x0000005c   Code   RO         5384    i.vPortFree         heap_4.o
    0x080039f8   0x00000020   Code   RO         5437    i.vPortSetupTimerInterrupt  port.o
    0x08003a18   0x00000054   Code   RO         5438    i.vPortValidateInterruptPriority  port.o
    0x08003a6c   0x00000028   Code   RO         4550    i.vQueueAddToRegistry  queue.o
    0x08003a94   0x00000044   Code   RO         4553    i.vQueueWaitForMessageRestricted  queue.o
    0x08003ad8   0x0000004c   Code   RO         4691    i.vTaskDelay        tasks.o
    0x08003b24   0x0000000c   Code   RO         4693    i.vTaskMissedYield  tasks.o
    0x08003b30   0x00000030   Code   RO         4695    i.vTaskPlaceOnEventList  tasks.o
    0x08003b60   0x00000038   Code   RO         4696    i.vTaskPlaceOnEventListRestricted  tasks.o
    0x08003b98   0x00000024   Code   RO         4699    i.vTaskSetTimeOutState  tasks.o
    0x08003bbc   0x00000070   Code   RO         4700    i.vTaskStartScheduler  tasks.o
    0x08003c2c   0x00000010   Code   RO         4701    i.vTaskSuspendAll   tasks.o
    0x08003c3c   0x0000005c   Code   RO         4702    i.vTaskSwitchContext  tasks.o
    0x08003c98   0x000000e0   Code   RO         5439    i.xPortStartScheduler  port.o
    0x08003d78   0x00000048   Code   RO         4554    i.xQueueGenericCreate  queue.o
    0x08003dc0   0x00000150   Code   RO         4555    i.xQueueGenericReceive  queue.o
    0x08003f10   0x00000088   Code   RO         4556    i.xQueueGenericReset  queue.o
    0x08003f98   0x00000160   Code   RO         4557    i.xQueueGenericSend  queue.o
    0x080040f8   0x000000bc   Code   RO         4558    i.xQueueGenericSendFromISR  queue.o
    0x080041b4   0x00000068   Code   RO         4703    i.xTaskCheckForTimeOut  tasks.o
    0x0800421c   0x00000056   Code   RO         4704    i.xTaskCreate       tasks.o
    0x08004272   0x00000002   PAD
    0x08004274   0x0000001c   Code   RO         4707    i.xTaskGetSchedulerState  tasks.o
    0x08004290   0x0000000c   Code   RO         4708    i.xTaskGetTickCount  tasks.o
    0x0800429c   0x000000c8   Code   RO         4710    i.xTaskIncrementTick  tasks.o
    0x08004364   0x00000074   Code   RO         4713    i.xTaskRemoveFromEventList  tasks.o
    0x080043d8   0x000000c4   Code   RO         4715    i.xTaskResumeAll    tasks.o
    0x0800449c   0x0000004e   Code   RO         4903    i.xTimerCreate      timers.o
    0x080044ea   0x00000002   PAD
    0x080044ec   0x00000048   Code   RO         4904    i.xTimerCreateTimerTask  timers.o
    0x08004534   0x00000060   Code   RO         4905    i.xTimerGenericCommand  timers.o
    0x08004594   0x00000200   Data   RO          179    .constdata          modbus_crc.o
    0x08004794   0x00000054   Data   RO          416    .constdata          main.o
    0x080047e8   0x00000020   Data   RO         3149    .constdata          stm32f3xx_hal_rcc.o
    0x08004808   0x00000010   Data   RO         4375    .constdata          system_stm32f3xx.o
    0x08004818   0x00000008   Data   RO         4376    .constdata          system_stm32f3xx.o
    0x08004820   0x00000030   Data   RO          417    .conststring        main.o
    0x08004850   0x00000020   Data   RO         5553    Region$$Table       anon$$obj.o


    Execution Region RW_IRAM1 (Base: 0x20000000, Size: 0x00002210, Max: 0x00003000, ABSOLUTE)

    Base Addr    Size         Type   Attr      Idx    E Section Name        Object

    0x20000000   0x00000001   Data   RW           18    .data               modbus.o
    0x20000001   0x00000003   PAD
    0x20000004   0x00000004   Data   RW          418    .data               main.o
    0x20000008   0x00000004   Data   RW          419    .data               main.o
    0x2000000c   0x00000014   Data   RW          420    .data               main.o
    0x20000020   0x00000002   Data   RW          751    .data               adc.o
    0x20000022   0x00000002   PAD
    0x20000024   0x0000000c   Data   RW          785    .data               urat.o
    0x20000030   0x0000000c   Data   RW         2986    .data               stm32f3xx_hal.o
    0x2000003c   0x00000004   Data   RW         4377    .data               system_stm32f3xx.o
    0x20000040   0x00000038   Data   RW         4717    .data               tasks.o
    0x20000078   0x00000014   Data   RW         4911    .data               timers.o
    0x2000008c   0x00000018   Data   RW         5389    .data               heap_4.o
    0x200000a4   0x0000000c   Data   RW         5440    .data               port.o
    0x200000b0   0x00000080   Zero   RW           17    .bss                modbus.o
    0x20000130   0x00000430   Zero   RW          412    .bss                main.o
    0x20000560   0x00000044   Zero   RW          413    .bss                main.o
    0x200005a4   0x00000044   Zero   RW          414    .bss                main.o
    0x200005e8   0x00000044   Zero   RW          415    .bss                main.o
    0x2000062c   0x00000040   Zero   RW          712    .bss                stm32f3xx_hal_timebase_tim.o
    0x2000066c   0x00000018   Zero   RW          750    .bss                adc.o
    0x20000684   0x00000040   Zero   RW         4564    .bss                queue.o
    0x200006c4   0x000000c8   Zero   RW         4716    .bss                tasks.o
    0x2000078c   0x00000028   Zero   RW         4910    .bss                timers.o
    0x200007b4   0x0000125c   Zero   RW         5388    .bss                heap_4.o
    0x20001a10   0x00000800   Zero   RW            1    STACK               startup_stm32f334x8.o


==============================================================================

Image component sizes


      Code (inc. data)   RO Data    RW Data    ZI Data      Debug   Object Name

        52         14          0          2         24       1055   adc.o
       310         16          0          0          0      16382   cmsis_os.o
         0          0          0          0          0       9440   event_groups.o
       456         22          0         24       4700       4391   heap_4.o
       136          0          0          0          0       3222   list.o
      1384        100        132         28       1276       9114   main.o
       310         30          0          1        128     674239   modbus.o
        44          4        512          0          0       1117   modbus_crc.o
       758         84          0         12          0      11541   port.o
      1454         20          0          0         64      12045   queue.o
        36          8        392          0       2048        812   startup_stm32f334x8.o
        64         14          0         12          0      13726   stm32f3xx_hal.o
         4          0          0          0          0       1415   stm32f3xx_hal_adc.o
      2102         74          0          0          0       7674   stm32f3xx_hal_adc_ex.o
       154         14          0          0          0      27506   stm32f3xx_hal_cortex.o
       116          4          0          0          0       1047   stm32f3xx_hal_crc.o
        74          0          0          0          0       1067   stm32f3xx_hal_crc_ex.o
        40          0          0          0          0        975   stm32f3xx_hal_dac.o
       198          6          0          0          0       2519   stm32f3xx_hal_dac_ex.o
       432         10          0          0          0       3651   stm32f3xx_hal_dma.o
       394         26          0          0          0       2100   stm32f3xx_hal_gpio.o
       644         72          0          0          0       4280   stm32f3xx_hal_msp.o
      2008         84         32          0          0       5925   stm32f3xx_hal_rcc.o
       392         14          0          0          0       1372   stm32f3xx_hal_rcc_ex.o
      1036         28          0          0          0      10185   stm32f3xx_hal_tim.o
        82          4          0          0          0       2901   stm32f3xx_hal_tim_ex.o
       116         18          0          0         64       1303   stm32f3xx_hal_timebase_tim.o
      1366         76          0          0          0      11107   stm32f3xx_hal_uart.o
        72         24          0          0          0       4433   stm32f3xx_it.o
       104         22         24          4          0       1091   system_stm32f3xx.o
      1668        144          0         56        200      18426   tasks.o
       930         78          0         20         40      17634   timers.o
       120         26          0         12          0       3538   urat.o
         0          0          0          0          0      20340   wave.o
       172         22          0          0          0       4154   wavefrom.o

    ----------------------------------------------------------------------
     17262       1058       1124        176       8544     911727   Object Totals
         0          0         32          0          0          0   (incl. Generated)
        34          0          0          5          0          0   (incl. Padding)

    ----------------------------------------------------------------------

      Code (inc. data)   RO Data    RW Data    ZI Data      Debug   Library Member Name

         0          0          0          0          0          0   entry.o
         0          0          0          0          0          0   entry10a.o
         0          0          0          0          0          0   entry11a.o
         8          4          0          0          0          0   entry2.o
         4          0          0          0          0          0   entry5.o
         0          0          0          0          0          0   entry7b.o
         0          0          0          0          0          0   entry8b.o
         8          4          0          0          0          0   entry9a.o
        30          0          0          0          0          0   handlers.o
        36          8          0          0          0         68   init.o
        36          0          0          0          0         68   memcpya.o
        36          0          0          0          0        108   memseta.o

    ----------------------------------------------------------------------
       158         16          0          0          0        244   Library Totals
         0          0          0          0          0          0   (incl. Padding)

    ----------------------------------------------------------------------

      Code (inc. data)   RO Data    RW Data    ZI Data      Debug   Library Name

       158         16          0          0          0        244   mc_w.l

    ----------------------------------------------------------------------
       158         16          0          0          0        244   Library Totals

    ----------------------------------------------------------------------

==============================================================================


      Code (inc. data)   RO Data    RW Data    ZI Data      Debug   

     17420       1074       1124        176       8544     894423   Grand Totals
     17420       1074       1124        176       8544     894423   ELF Image Totals
     17420       1074       1124        176          0          0   ROM Totals

==============================================================================

    Total RO  Size (Code + RO Data)                18544 (  18.11kB)
    Total RW  Size (RW Data + ZI Data)              8720 (   8.52kB)
    Total ROM Size (Code + RO Data + RW Data)      18720 (  18.28kB)

==============================================================================

